<!doctype html public "-//w3c//dtd html 4.0 transitional//en">
<html><head>
<title>Static Call Graph - [.\Objects\EIT.axf]</title></head>
<body><HR>
<H1>Static Call Graph for image .\Objects\EIT.axf</H1><HR>
<BR><P>#&#060CALLGRAPH&#062# ARM Linker, RVCT3.1 [Build 939]: Last Updated: Tue Dec 09 15:36:58 2008
<BR><P>
<H3>Maximum Stack Usage =       2352 bytes + Unknown(Functions without stacksize, Untraceable Function Pointers)</H3><H3>
Call chain for Maximum Stack Depth:</H3>
main &rArr; main_task &rArr; mn_server &rArr; mn_app_server_idle &rArr; isvr_condition_alarm &rArr; send_mail &rArr; mn_smtp_send_mail &rArr; smtp_load_buff &rArr; mn_send &rArr; mn_dhcp_renew &rArr; mn_dhcp_xchg_packet &rArr; mn_recv_wait &rArr; mn_tcp_recv &rArr; mn_app_process_packet &rArr; mn_port2002_process_packet &rArr; flash_write_default &rArr; write_all &rArr; atoi &rArr; strtol &rArr; _strtoul
<P>
<H3>
Functions with no stack information
</H3><UL>
 <LI><a href="#[d33430]">Reset_Handler</a>
 <LI><a href="#[d33478]">__user_initial_stackheap</a>
 <LI><a href="#[d24210]">K_OS_Disable_Interrupts</a>
 <LI><a href="#[d241c8]">K_OS_Enable_Interrupts</a>
 <LI><a href="#[d33238]">Undef_Wrapper</a>
 <LI><a href="#[d332c8]">PAbt_Wrapper</a>
 <LI><a href="#[d333e8]">DAbt_Wrapper</a>
 <LI><a href="#[d33280]">SWI_Wrapper</a>
 <LI><a href="#[d33310]">IRQ_Wrapper</a>
 <LI><a href="#[d333a0]">FIQ_Wrapper</a>
 <LI><a href="#[d32f80]">irq_ack</a>
</UL>
</UL>
<P>
<H3>
Function Pointers
</H3><UL>
 <LI><a href="#[d33430]">Reset_Handler</a>
 <LI><a href="#[d33238]">Undef_Wrapper</a>
 <LI><a href="#[d33280]">SWI_Wrapper</a>
 <LI><a href="#[d332c8]">PAbt_Wrapper</a>
 <LI><a href="#[d333e8]">DAbt_Wrapper</a>
 <LI><a href="#[d33310]">IRQ_Wrapper</a>
 <LI><a href="#[d333a0]">FIQ_Wrapper</a>
 <LI><a href="#[2e1a0c0]">__main</a>
 <LI><a href="#[2e13a90]">__ARM_get_argv</a>
 <LI><a href="#[289a3c0]">main_func</a>
 <LI><a href="#[2899fd0]">post_admin</a>
 <LI><a href="#[289a1c8]">network_func</a>
 <LI><a href="#[2899b50]">post_network</a>
 <LI><a href="#[2899910]">post_serial</a>
 <LI><a href="#[2899e20]">post_bridge</a>
 <LI><a href="#[2899b08]">post_packing</a>
 <LI><a href="#[2899b98]">post_multihost</a>
 <LI><a href="#[2899880]">post_smtpsnmp</a>
 <LI><a href="#[2899f88]">post_alarm1</a>
 <LI><a href="#[2899f40]">post_alarm2</a>
 <LI><a href="#[2899ef8]">post_alarm3</a>
 <LI><a href="#[2899eb0]">post_alarm4</a>
 <LI><a href="#[2899e68]">post_alarm5</a>
 <LI><a href="#[2899958]">post_security_admin</a>
 <LI><a href="#[28999a0]">post_security</a>
 <LI><a href="#[2899d90]">post_change_login</a>
 <LI><a href="#[2899dd8]">post_change_admin</a>
 <LI><a href="#[2899d48]">post_change_serial</a>
 <LI><a href="#[28998c8]">post_setdeviceparam</a>
 <LI><a href="#[28997a8]">post_updatedevparam</a>
 <LI><a href="#[2899d00]">post_check</a>
 <LI><a href="#[28997f0]">post_system_admin</a>
 <LI><a href="#[2899ac0]">post_rdef</a>
 <LI><a href="#[2899a30]">post_reboot</a>
 <LI><a href="#[2899c28]">post_gpio</a>
 <LI><a href="#[2899c70]">post_command</a>
 <LI><a href="#[2899520]">set_timeout_func</a>
 <LI><a href="#[2899a78]">post_read_dev</a>
 <LI><a href="#[28999e8]">post_rst_cnt</a>
 <LI><a href="#[2899be0]">post_load</a>
 <LI><a href="#[2899cb8]">post_chk_login_passwd</a>
 <LI><a href="#[2899838]">post_software</a>
 <LI><a href="#[2897708]">ssi_pswd_msg</a>
 <LI><a href="#[289a258]">model_func</a>
 <LI><a href="#[2896e08]">version_func</a>
 <LI><a href="#[289a408]">mac_func</a>
 <LI><a href="#[289a018]">port_func</a>
 <LI><a href="#[289aa38]">dhcp_func</a>
 <LI><a href="#[28992e0]">snmp_func</a>
 <LI><a href="#[289a2a0]">modbus_func</a>
 <LI><a href="#[289a570]">ip_func</a>
 <LI><a href="#[2896f70]">submask_func</a>
 <LI><a href="#[289a768]">gw_ip_func</a>
 <LI><a href="#[2898008]">ssi_dns</a>
 <LI><a href="#[289a6d8]">hname_func</a>
 <LI><a href="#[28995b0]">serial_func</a>
 <LI><a href="#[289a9f0]">dhcpflag_func</a>
 <LI><a href="#[2897750]">ssi_protocol</a>
 <LI><a href="#[289ade0]">autonegotiate_func</a>
 <LI><a href="#[2899688]">s10_func</a>
 <LI><a href="#[28996d0]">s100_func</a>
 <LI><a href="#[289a8d0]">fduplex_func</a>
 <LI><a href="#[289a720]">hduplex_func</a>
 <LI><a href="#[289ad98]">baud_func</a>
 <LI><a href="#[289abe8]">databits_func</a>
 <LI><a href="#[289a060]">parity_func</a>
 <LI><a href="#[2896fb8]">stopbit_func</a>
 <LI><a href="#[289a888]">flowcontrol_func</a>
 <LI><a href="#[289a138]">no_of_conns_func</a>
 <LI><a href="#[289a450]">lp_func</a>
 <LI><a href="#[289a918]">end_char_func</a>
 <LI><a href="#[289ad08]">buff_time_func</a>
 <LI><a href="#[289a4e0]">itimeout_func</a>
 <LI><a href="#[289a840]">fwd_endchar_func</a>
 <LI><a href="#[2897798]">ssi_pkt_len</a>
 <LI><a href="#[2898248]">ssi_connect_on</a>
 <LI><a href="#[2898050]">ssi_disconnect_by</a>
 <LI><a href="#[2898200]">ssi_connection_type</a>
 <LI><a href="#[2897678]">ssi_retry_counter</a>
 <LI><a href="#[2897630]">ssi_retry_timeout</a>
 <LI><a href="#[2897870]">ssi_mipaddr</a>
 <LI><a href="#[2897828]">ssi_multi_port</a>
 <LI><a href="#[289afd8]">WebPort_func</a>
 <LI><a href="#[28972d0]">ssi_spca</a>
 <LI><a href="#[2897000]">ssi_wsa</a>
 <LI><a href="#[2897dc8]">ssi_ica</a>
 <LI><a href="#[2897a68]">ssi_ipx</a>
 <LI><a href="#[2897900]">ssi_login</a>
 <LI><a href="#[28978b8]">ssi_login_msg</a>
 <LI><a href="#[2898488]">ssi_admin</a>
 <LI><a href="#[2898440]">ssi_admin_msg</a>
 <LI><a href="#[2897438]">ssi_serial</a>
 <LI><a href="#[28973f0]">ssi_serial_msg</a>
 <LI><a href="#[2897ca8]">ssi_ip1</a>
 <LI><a href="#[2897c60]">ssi_ip2</a>
 <LI><a href="#[2897c18]">ssi_ip3</a>
 <LI><a href="#[2897bd0]">ssi_ip4</a>
 <LI><a href="#[2897b88]">ssi_ip5</a>
 <LI><a href="#[2897b40]">ssi_ip6</a>
 <LI><a href="#[2897af8]">ssi_ip7</a>
 <LI><a href="#[2897ab0]">ssi_ip8</a>
 <LI><a href="#[28973a8]">ssi_smtp</a>
 <LI><a href="#[2897360]">ssi_smtpip</a>
 <LI><a href="#[2897ee8]">ssi_from</a>
 <LI><a href="#[2897288]">ssi_sub</a>
 <LI><a href="#[2897318]">ssi_snmp_en</a>
 <LI><a href="#[2897168]">ssi_trap_en</a>
 <LI><a href="#[2897120]">ssi_trap_ip</a>
 <LI><a href="#[28981b8]">ssi_contact</a>
 <LI><a href="#[2897948]">ssi_location</a>
 <LI><a href="#[2898290]">ssi_community</a>
 <LI><a href="#[2899208]">ssi_a1_e_chk</a>
 <LI><a href="#[2899058]">ssi_a1_t_chk</a>
 <LI><a href="#[2899298]">ssi_a1_c1</a>
 <LI><a href="#[2899250]">ssi_a1_c2</a>
 <LI><a href="#[28990a0]">ssi_a1_sspd</a>
 <LI><a href="#[28991c0]">ssi_a1_ic_evt</a>
 <LI><a href="#[28990e8]">ssi_a1_sic_evt</a>
 <LI><a href="#[2899130]">ssi_a1_ri</a>
 <LI><a href="#[2899010]">ssi_a1_to</a>
 <LI><a href="#[2899178]">ssi_a1_msg</a>
 <LI><a href="#[2898f38]">ssi_a2_e_chk</a>
 <LI><a href="#[2898d88]">ssi_a2_t_chk</a>
 <LI><a href="#[2898fc8]">ssi_a2_c1</a>
 <LI><a href="#[2898f80]">ssi_a2_c2</a>
 <LI><a href="#[2898dd0]">ssi_a2_sspd</a>
 <LI><a href="#[2898ef0]">ssi_a2_ic_evt</a>
 <LI><a href="#[2898e18]">ssi_a2_sic_evt</a>
 <LI><a href="#[2898e60]">ssi_a2_ri</a>
 <LI><a href="#[2898d40]">ssi_a2_to</a>
 <LI><a href="#[2898ea8]">ssi_a2_msg</a>
 <LI><a href="#[2898c68]">ssi_a3_e_chk</a>
 <LI><a href="#[2898ab8]">ssi_a3_t_chk</a>
 <LI><a href="#[2898cf8]">ssi_a3_c1</a>
 <LI><a href="#[2898cb0]">ssi_a3_c2</a>
 <LI><a href="#[2898b00]">ssi_a3_sspd</a>
 <LI><a href="#[2898c20]">ssi_a3_ic_evt</a>
 <LI><a href="#[2898b48]">ssi_a3_sic_evt</a>
 <LI><a href="#[2898b90]">ssi_a3_ri</a>
 <LI><a href="#[2898a70]">ssi_a3_to</a>
 <LI><a href="#[2898bd8]">ssi_a3_msg</a>
 <LI><a href="#[2898998]">ssi_a4_e_chk</a>
 <LI><a href="#[28987e8]">ssi_a4_t_chk</a>
 <LI><a href="#[2898a28]">ssi_a4_c1</a>
 <LI><a href="#[28989e0]">ssi_a4_c2</a>
 <LI><a href="#[2898830]">ssi_a4_sspd</a>
 <LI><a href="#[2898950]">ssi_a4_ic_evt</a>
 <LI><a href="#[2898878]">ssi_a4_sic_evt</a>
 <LI><a href="#[28988c0]">ssi_a4_ri</a>
 <LI><a href="#[28987a0]">ssi_a4_to</a>
 <LI><a href="#[2898908]">ssi_a4_msg</a>
 <LI><a href="#[28986c8]">ssi_a5_e_chk</a>
 <LI><a href="#[2898518]">ssi_a5_t_chk</a>
 <LI><a href="#[2898758]">ssi_a5_c1</a>
 <LI><a href="#[2898710]">ssi_a5_c2</a>
 <LI><a href="#[2898560]">ssi_a5_sspd</a>
 <LI><a href="#[2898680]">ssi_a5_ic_evt</a>
 <LI><a href="#[28985a8]">ssi_a5_sic_evt</a>
 <LI><a href="#[28985f0]">ssi_a5_ri</a>
 <LI><a href="#[28984d0]">ssi_a5_to</a>
 <LI><a href="#[2898638]">ssi_a5_msg</a>
 <LI><a href="#[289ab58]">dev_all_func</a>
 <LI><a href="#[28993b8]">show_unit_num_func</a>
 <LI><a href="#[2899448]">show_idnum_func</a>
 <LI><a href="#[2899400]">show_name_func</a>
 <LI><a href="#[2899490]">show_cmd_func</a>
 <LI><a href="#[2899370]">show_units_func</a>
 <LI><a href="#[289ab10]">dev_read_func</a>
 <LI><a href="#[28983f8]">ssi_chkd_devs</a>
 <LI><a href="#[28971b0]">ssi_timeout_select</a>
 <LI><a href="#[2897990]">ssi_load_timeout</a>
 <LI><a href="#[28979d8]">ssi_load_on</a>
 <LI><a href="#[28975a0]">ssi_rs485txrx</a>
 <LI><a href="#[2898320]">ssi_cio</a>
 <LI><a href="#[2897480]">ssi_s_no</a>
 <LI><a href="#[2897e10]">ssi_i_chk</a>
 <LI><a href="#[2897f30]">ssi_fio_status</a>
 <LI><a href="#[28977e0]">ssi_o_chk</a>
 <LI><a href="#[2897e58]">ssi_h_chk</a>
 <LI><a href="#[2897a20]">ssi_l_chk</a>
 <LI><a href="#[2897cf0]">ssi_image_source</a>
 <LI><a href="#[28975e8]">ssi_rs485timer</a>
 <LI><a href="#[2897558]">ssi_rs485type</a>
 <LI><a href="#[28982d8]">ssi_cio_status</a>
 <LI><a href="#[28983b0]">ssi_ci_i_chk</a>
 <LI><a href="#[2898368]">ssi_ci_o_chk</a>
 <LI><a href="#[2898170]">ssi_ct_i_chk</a>
 <LI><a href="#[2898128]">ssi_ct_o_chk</a>
 <LI><a href="#[28976c0]">ssi_response</a>
 <LI><a href="#[2897ea0]">ssi_fullserial</a>
 <LI><a href="#[28980e0]">ssi_cts</a>
 <LI><a href="#[2897510]">ssi_rts</a>
 <LI><a href="#[2897fc0]">ssi_dsr</a>
 <LI><a href="#[2898098]">ssi_dcd</a>
 <LI><a href="#[2897f78]">ssi_dtr</a>
 <LI><a href="#[28974c8]">ssi_rx_bytes</a>
 <LI><a href="#[28970d8]">ssi_tx_bytes</a>
 <LI><a href="#[2897240]">ssi_tcp_rx_bytes</a>
 <LI><a href="#[28971f8]">ssi_tcp_tx_bytes</a>
 <LI><a href="#[2897090]">ssi_udp_rx_bytes</a>
 <LI><a href="#[2897048]">ssi_udp_tx_bytes</a>
 <LI><a href="#[2897d80]">ssi_icmp_rx_bytes</a>
 <LI><a href="#[2897d38]">ssi_icmp_tx_bytes</a>
 <LI><a href="#[2a4cfc0]">timer_isr</a>
 <LI><a href="#[2c431c8]">Timer2Handler</a>
 <LI><a href="#[2c43210]">Timer3Handler</a>
 <LI><a href="#[28d62a8]">uart1_handler</a>
 <LI><a href="#[28d6260]">uart0_handler</a>
 <LI><a href="#[28d6260]">uart0_handler</a>
 <LI><a href="#[28a03b8]">fputc</a>
 <LI><a href="#[2e17b60]">_sputc</a>
 <LI><a href="#[2e17920]">_sgetc</a>
 <LI><a href="#[2e178d8]">_sbackspace</a>
 <LI><a href="#[28c1d08]">main</a>
 <LI><a href="#[2e16660]">_printf_outstr_char</a>
 <LI><a href="#[2e164e8]">_printf_input_char</a>
 <LI><a href="#[2e174a0]">_scanf_char_input</a>
 <LI><a href="#[2e167d0]">isspace</a>
 <LI><a href="#[2e144f8]">_get_lc_ctype</a>
 <LI><a href="#[d32dd0]">cmx_undef</a>
 <LI><a href="#[d32e60]">cmx_prefetch</a>
 <LI><a href="#[d32ef0]">cmx_abort</a>
 <LI><a href="#[d32e18]">cmx_swi</a>
 <LI><a href="#[d32f80]">irq_ack</a>
 <LI><a href="#[d32ea8]">cmx_fiq</a>
</UL>
<P>
<H3>
Global Symbols
</H3>
<P><STRONG><a name="[d33430]"></a>Reset_Handler</STRONG> (ARM, 0 bytes, Stack size unknown bytes, lpc2300.o(RESET))
<BR><BR>[Calls]<UL><LI><a href="#[d33358]">&gt;&gt;</a>&nbsp;&nbsp;&nbsp;GPIOResetInit (via Veneer)
</UL>
<BR>[Address Reference Count : 1]<UL><LI> lpc2300.o(RESET)
</UL>
<P><STRONG><a name="[2e1a0c0]"></a>__main</STRONG> (ARM, 8 bytes, Stack size 0 bytes, __main.o(!!!main))
<BR><BR>[Stack]<UL><LI>Max Depth = 68 + Unknown Stack Size
<LI>Call Chain = __main &rArr; __rt_entry &rArr; __rt_lib_init &rArr; _get_lc_ctype &rArr; strcmp
</UL>
<BR>[Calls]<UL><LI><a href="#[2e104f0]">&gt;&gt;</a>&nbsp;&nbsp;&nbsp;__scatterload
<LI><a href="#[2e19278]">&gt;&gt;</a>&nbsp;&nbsp;&nbsp;__rt_entry
</UL>

<P><STRONG><a name="[2e104f0]"></a>__scatterload</STRONG> (ARM, 0 bytes, Stack size unknown bytes, __scatter.o(!!!scatter))
<BR><BR>[Called By]<UL><LI><a href="#[2e1a0c0]">&gt;&gt;</a>&nbsp;&nbsp;&nbsp;__main
</UL>

<P><STRONG><a name="[2e104a8]"></a>__scatterload_rt2</STRONG> (ARM, 52 bytes, Stack size unknown bytes, __scatter.o(!!!scatter), UNUSED)
<BR><BR>[Calls]<UL><LI><a href="#[2e19278]">&gt;&gt;</a>&nbsp;&nbsp;&nbsp;__rt_entry
</UL>

<P><STRONG><a name="[2e10460]"></a>__scatterload_null</STRONG> (ARM, 0 bytes, Stack size unknown bytes, __scatter.o(!!!scatter), UNUSED)

<P><STRONG><a name="[2e10778]"></a>__decompress</STRONG> (ARM, 92 bytes, Stack size unknown bytes, __dczerorl2.o(!!dczerorl2), UNUSED)

<P><STRONG><a name="[2e10730]"></a>__decompress1</STRONG> (ARM, 0 bytes, Stack size unknown bytes, __dczerorl2.o(!!dczerorl2), UNUSED)

<P><STRONG><a name="[2e10220]"></a>__scatterload_zeroinit</STRONG> (ARM, 44 bytes, Stack size unknown bytes, __scatter_zi.o(!!handler_zi), UNUSED)

<P><STRONG><a name="[2e15848]"></a>__ARM_argv_veneer</STRONG> (ARM, 16 bytes, Stack size 0 bytes, lib_init.o(.emb_text))
<BR><BR>[Called By]<UL><LI><a href="#[2e157b8]">&gt;&gt;</a>&nbsp;&nbsp;&nbsp;__rt_lib_init (via Veneer)
</UL>

<P><STRONG><a name="[d33478]"></a>__user_initial_stackheap</STRONG> (ARM, 0 bytes, Stack size unknown bytes, lpc2300.o(.text))
<BR><BR>[Called By]<UL><LI><a href="#[2e18cb8]">&gt;&gt;</a>&nbsp;&nbsp;&nbsp;__user_setup_stackheap
</UL>

<P><STRONG><a name="[d32dd0]"></a>cmx_undef</STRONG> (Thumb, 2 bytes, Stack size 0 bytes, cmx_isrs.o(.text))
<BR>[Address Reference Count : 1]<UL><LI> handlers.o(int_handlers)
</UL>
<P><STRONG><a name="[d32e18]"></a>cmx_swi</STRONG> (Thumb, 2 bytes, Stack size 0 bytes, cmx_isrs.o(.text))
<BR>[Address Reference Count : 1]<UL><LI> handlers.o(int_handlers)
</UL>
<P><STRONG><a name="[d32e60]"></a>cmx_prefetch</STRONG> (Thumb, 2 bytes, Stack size 0 bytes, cmx_isrs.o(.text))
<BR>[Address Reference Count : 1]<UL><LI> handlers.o(int_handlers)
</UL>
<P><STRONG><a name="[d32ef0]"></a>cmx_abort</STRONG> (Thumb, 12 bytes, Stack size 8 bytes, cmx_isrs.o(.text))
<BR><BR>[Stack]<UL><LI>Max Depth = 8<LI>Call Chain = cmx_abort
</UL>
<BR>[Calls]<UL><LI><a href="#[d32720]">&gt;&gt;</a>&nbsp;&nbsp;&nbsp;WDTInit
</UL>
<BR>[Address Reference Count : 1]<UL><LI> handlers.o(int_handlers)
</UL>
<P><STRONG><a name="[d32ea8]"></a>cmx_fiq</STRONG> (Thumb, 2 bytes, Stack size 0 bytes, cmx_isrs.o(.text))
<BR>[Address Reference Count : 1]<UL><LI> handlers.o(int_handlers)
</UL>
<P><STRONG><a name="[d24648]"></a>s_ip_process</STRONG> (Thumb, 142 bytes, Stack size 20 bytes, callback.o(.text))
<BR><BR>[Stack]<UL><LI>Max Depth = 20<LI>Call Chain = s_ip_process
</UL>
<BR>[Called By]<UL><LI><a href="#[2899880]">&gt;&gt;</a>&nbsp;&nbsp;&nbsp;post_smtpsnmp
<LI><a href="#[28999a0]">&gt;&gt;</a>&nbsp;&nbsp;&nbsp;post_security
<LI><a href="#[28999e8]">&gt;&gt;</a>&nbsp;&nbsp;&nbsp;post_rst_cnt
<LI><a href="#[2899b98]">&gt;&gt;</a>&nbsp;&nbsp;&nbsp;post_multihost
<LI><a href="#[2899e20]">&gt;&gt;</a>&nbsp;&nbsp;&nbsp;post_bridge
<LI><a href="#[289a1c8]">&gt;&gt;</a>&nbsp;&nbsp;&nbsp;network_func
<LI><a href="#[28d60f8]">&gt;&gt;</a>&nbsp;&nbsp;&nbsp;show_prompt
<LI><a href="#[293dc08]">&gt;&gt;</a>&nbsp;&nbsp;&nbsp;check_cmd
</UL>

<P><STRONG><a name="[d24600]"></a>moddev_supplement</STRONG> (Thumb, 44 bytes, Stack size 4 bytes, callback.o(.text))
<BR><BR>[Stack]<UL><LI>Max Depth = 4<LI>Call Chain = moddev_supplement
</UL>
<BR>[Called By]<UL><LI><a href="#[293dc08]">&gt;&gt;</a>&nbsp;&nbsp;&nbsp;check_cmd
</UL>

<P><STRONG><a name="[d245b8]"></a>s_mac_process</STRONG> (Thumb, 158 bytes, Stack size 24 bytes, callback.o(.text))
<BR><BR>[Stack]<UL><LI>Max Depth = 24<LI>Call Chain = s_mac_process
</UL>
<BR>[Called By]<UL><LI><a href="#[28d60f8]">&gt;&gt;</a>&nbsp;&nbsp;&nbsp;show_prompt
<LI><a href="#[293dc08]">&gt;&gt;</a>&nbsp;&nbsp;&nbsp;check_cmd
</UL>

<P><STRONG><a name="[d24570]"></a>mn_app_get_send_size</STRONG> (Thumb, 134 bytes, Stack size 16 bytes, callback.o(.text))
<BR><BR>[Stack]<UL><LI>Max Depth = 136 + Unknown Stack Size
<LI>Call Chain = mn_app_get_send_size &rArr; mn_http_process_includes &rArr; process_include_char &rArr; process_get_func &rArr; mn_gf_get_entry &rArr; mn_stricmp
</UL>
<BR>[Calls]<UL><LI><a href="#[d23c28]">&gt;&gt;</a>&nbsp;&nbsp;&nbsp;mn_http_process_includes
<LI><a href="#[28cff10]">&gt;&gt;</a>&nbsp;&nbsp;&nbsp;mn_memcpy_cb
<LI><a href="#[2e1c778]">&gt;&gt;</a>&nbsp;&nbsp;&nbsp;__aeabi_memcpy (via Veneer)
</UL>
<BR>[Called By]<UL><LI><a href="#[28cfdf0]">&gt;&gt;</a>&nbsp;&nbsp;&nbsp;mn_tcp_send
</UL>

<P><STRONG><a name="[d24528]"></a>mn_app_init_recv</STRONG> (Thumb, 22 bytes, Stack size 8 bytes, callback.o(.text))
<BR><BR>[Stack]<UL><LI>Max Depth = 48 + Unknown Stack Size
<LI>Call Chain = mn_app_init_recv &rArr; mn_http_init_recv &rArr; mn_reset_timer &rArr; mn_get_timer_tick
</UL>
<BR>[Calls]<UL><LI><a href="#[d23c70]">&gt;&gt;</a>&nbsp;&nbsp;&nbsp;mn_http_init_recv
</UL>
<BR>[Called By]<UL><LI><a href="#[2adf908]">&gt;&gt;</a>&nbsp;&nbsp;&nbsp;mn_tcp_recv
</UL>

<P><STRONG><a name="[d244e0]"></a>mn_app_recv_byte</STRONG> (Thumb, 16 bytes, Stack size 8 bytes, callback.o(.text))
<BR><BR>[Stack]<UL><LI>Max Depth = 72<LI>Call Chain = mn_app_recv_byte &rArr; mn_http_recv_byte &rArr; mn_strnicmp_cb
</UL>
<BR>[Calls]<UL><LI><a href="#[d23b98]">&gt;&gt;</a>&nbsp;&nbsp;&nbsp;mn_http_recv_byte
</UL>
<BR>[Called By]<UL><LI><a href="#[2adf908]">&gt;&gt;</a>&nbsp;&nbsp;&nbsp;mn_tcp_recv
</UL>

<P><STRONG><a name="[d24498]"></a>mn_app_process_packet</STRONG> (Thumb, 40 bytes, Stack size 8 bytes, callback.o(.text))
<BR><BR>[Stack]<UL><LI>Max Depth = 1664 + Unknown Stack Size
<LI>Call Chain = mn_app_process_packet &rArr; mn_port2002_process_packet &rArr; flash_write_default &rArr; write_all &rArr; atoi &rArr; strtol &rArr; _strtoul
</UL>
<BR>[Calls]<UL><LI><a href="#[d23be0]">&gt;&gt;</a>&nbsp;&nbsp;&nbsp;mn_http_process_packet
<LI><a href="#[28cfe80]">&gt;&gt;</a>&nbsp;&nbsp;&nbsp;mn_port2002_process_packet
</UL>
<BR>[Called By]<UL><LI><a href="#[2adf908]">&gt;&gt;</a>&nbsp;&nbsp;&nbsp;mn_tcp_recv
</UL>

<P><STRONG><a name="[d24450]"></a>mn_app_send_complete</STRONG> (Thumb, 148 bytes, Stack size 16 bytes, callback.o(.text))
<BR><BR>[Stack]<UL><LI>Max Depth = 16<LI>Call Chain = mn_app_send_complete
</UL>
<BR>[Calls]<UL><LI><a href="#[28cfc40]">&gt;&gt;</a>&nbsp;&nbsp;&nbsp;page_send_close
<LI><a href="#[2e1c778]">&gt;&gt;</a>&nbsp;&nbsp;&nbsp;__aeabi_memcpy (via Veneer)
</UL>
<BR>[Called By]<UL><LI><a href="#[2b3e500]">&gt;&gt;</a>&nbsp;&nbsp;&nbsp;update_unacked_bytes
</UL>

<P><STRONG><a name="[d24408]"></a>socket_get</STRONG> (Thumb, 34 bytes, Stack size 0 bytes, callback.o(.text))
<BR><BR>[Called By]<UL><LI><a href="#[d24330]">&gt;&gt;</a>&nbsp;&nbsp;&nbsp;mn_app_server_idle
</UL>

<P><STRONG><a name="[d243c0]"></a>socket_nfind</STRONG> (Thumb, 36 bytes, Stack size 4 bytes, callback.o(.text))
<BR><BR>[Stack]<UL><LI>Max Depth = 4<LI>Call Chain = socket_nfind
</UL>
<BR>[Called By]<UL><LI><a href="#[d24330]">&gt;&gt;</a>&nbsp;&nbsp;&nbsp;mn_app_server_idle
</UL>

<P><STRONG><a name="[d24378]"></a>find_remote_socket</STRONG> (Thumb, 82 bytes, Stack size 32 bytes, callback.o(.text))
<BR><BR>[Stack]<UL><LI>Max Depth = 36<LI>Call Chain = find_remote_socket &rArr; memcmp
</UL>
<BR>[Calls]<UL><LI><a href="#[2e1cae8]">&gt;&gt;</a>&nbsp;&nbsp;&nbsp;memcmp
</UL>
<BR>[Called By]<UL><LI><a href="#[d24330]">&gt;&gt;</a>&nbsp;&nbsp;&nbsp;mn_app_server_idle
</UL>

<P><STRONG><a name="[d24330]"></a>mn_app_server_idle</STRONG> (Thumb, 1988 bytes, Stack size 120 bytes, callback.o(.text))
<BR><BR>[Stack]<UL><LI>Max Depth = 2160 + Unknown Stack Size
<LI>Call Chain = mn_app_server_idle &rArr; isvr_condition_alarm &rArr; send_mail &rArr; mn_smtp_send_mail &rArr; smtp_load_buff &rArr; mn_send &rArr; mn_dhcp_renew &rArr; mn_dhcp_xchg_packet &rArr; mn_recv_wait &rArr; mn_tcp_recv &rArr; mn_app_process_packet &rArr; mn_port2002_process_packet &rArr; flash_write_default &rArr; write_all &rArr; atoi &rArr; strtol &rArr; _strtoul
</UL>
<BR>[Calls]<UL><LI><a href="#[d23cb8]">&gt;&gt;</a>&nbsp;&nbsp;&nbsp;mn_find_socket
<LI><a href="#[d23d48]">&gt;&gt;</a>&nbsp;&nbsp;&nbsp;isvr_disconnect_alarm
<LI><a href="#[d23d90]">&gt;&gt;</a>&nbsp;&nbsp;&nbsp;isvr_condition_alarm
<LI><a href="#[d23dd8]">&gt;&gt;</a>&nbsp;&nbsp;&nbsp;isvr_char_alarm
<LI><a href="#[d23e20]">&gt;&gt;</a>&nbsp;&nbsp;&nbsp;isvr_accessed_alarm
<LI><a href="#[d23eb0]">&gt;&gt;</a>&nbsp;&nbsp;&nbsp;ip_changed_alarm
<LI><a href="#[d23fd0]">&gt;&gt;</a>&nbsp;&nbsp;&nbsp;delayMs
<LI><a href="#[d24180]">&gt;&gt;</a>&nbsp;&nbsp;&nbsp;SerialToEthernet
<LI><a href="#[d241c8]">&gt;&gt;</a>&nbsp;&nbsp;&nbsp;K_OS_Enable_Interrupts (via Veneer)
<LI><a href="#[d24210]">&gt;&gt;</a>&nbsp;&nbsp;&nbsp;K_OS_Disable_Interrupts (via Veneer)
<LI><a href="#[d24378]">&gt;&gt;</a>&nbsp;&nbsp;&nbsp;find_remote_socket
<LI><a href="#[d243c0]">&gt;&gt;</a>&nbsp;&nbsp;&nbsp;socket_nfind
<LI><a href="#[d24408]">&gt;&gt;</a>&nbsp;&nbsp;&nbsp;socket_get
<LI><a href="#[d2a048]">&gt;&gt;</a>&nbsp;&nbsp;&nbsp;find_remote_UDP_socket
<LI><a href="#[d2a090]">&gt;&gt;</a>&nbsp;&nbsp;&nbsp;find_my_socket
<LI><a href="#[d32720]">&gt;&gt;</a>&nbsp;&nbsp;&nbsp;WDTInit
<LI><a href="#[28cfa00]">&gt;&gt;</a>&nbsp;&nbsp;&nbsp;write_all
<LI><a href="#[28cfd60]">&gt;&gt;</a>&nbsp;&nbsp;&nbsp;modbus_recv
<LI><a href="#[28cfda8]">&gt;&gt;</a>&nbsp;&nbsp;&nbsp;mn_udp_send
<LI><a href="#[28cfdf0]">&gt;&gt;</a>&nbsp;&nbsp;&nbsp;mn_tcp_send
<LI><a href="#[28cfe38]">&gt;&gt;</a>&nbsp;&nbsp;&nbsp;mn_tcp_close
<LI><a href="#[28cfec8]">&gt;&gt;</a>&nbsp;&nbsp;&nbsp;mn_open
<LI><a href="#[2e1b9f8]">&gt;&gt;</a>&nbsp;&nbsp;&nbsp;strlen
<LI><a href="#[2e1bbb8]">&gt;&gt;</a>&nbsp;&nbsp;&nbsp;strncmp
<LI><a href="#[2e1c778]">&gt;&gt;</a>&nbsp;&nbsp;&nbsp;__aeabi_memcpy (via Veneer)
<LI><a href="#[2e1cae8]">&gt;&gt;</a>&nbsp;&nbsp;&nbsp;memcmp
<LI><a href="#[2e1d810]">&gt;&gt;</a>&nbsp;&nbsp;&nbsp;__1printf
</UL>
<BR>[Called By]<UL><LI><a href="#[28c1840]">&gt;&gt;</a>&nbsp;&nbsp;&nbsp;mn_server
</UL>

<P><STRONG><a name="[d242e8]"></a>mn_app_recv_idle</STRONG> (Thumb, 4 bytes, Stack size 0 bytes, callback.o(.text))
<BR><BR>[Called By]<UL><LI><a href="#[2870d38]">&gt;&gt;</a>&nbsp;&nbsp;&nbsp;mn_recv_wait
</UL>

<P><STRONG><a name="[d242a0]"></a>mn_app_server_process_packet</STRONG> (Thumb, 4 bytes, Stack size 0 bytes, callback.o(.text))
<BR><BR>[Called By]<UL><LI><a href="#[28c1840]">&gt;&gt;</a>&nbsp;&nbsp;&nbsp;mn_server
</UL>

<P><STRONG><a name="[d24258]"></a>mh_tcp_state</STRONG> (Thumb, 32 bytes, Stack size 0 bytes, callback.o(.text), UNUSED)

<P><STRONG><a name="[28c1de0]"></a>main_task</STRONG> (Thumb, 960 bytes, Stack size 128 bytes, main.o(.text))
<BR><BR>[Stack]<UL><LI>Max Depth = 2344 + Unknown Stack Size
<LI>Call Chain = main_task &rArr; mn_server &rArr; mn_app_server_idle &rArr; isvr_condition_alarm &rArr; send_mail &rArr; mn_smtp_send_mail &rArr; smtp_load_buff &rArr; mn_send &rArr; mn_dhcp_renew &rArr; mn_dhcp_xchg_packet &rArr; mn_recv_wait &rArr; mn_tcp_recv &rArr; mn_app_process_packet &rArr; mn_port2002_process_packet &rArr; flash_write_default &rArr; write_all &rArr; atoi &rArr; strtol &rArr; _strtoul
</UL>
<BR>[Calls]<UL><LI><a href="#[d23fd0]">&gt;&gt;</a>&nbsp;&nbsp;&nbsp;delayMs
<LI><a href="#[28c1690]">&gt;&gt;</a>&nbsp;&nbsp;&nbsp;webpages_init
<LI><a href="#[28c17b0]">&gt;&gt;</a>&nbsp;&nbsp;&nbsp;power_on_alarm
<LI><a href="#[28c17f8]">&gt;&gt;</a>&nbsp;&nbsp;&nbsp;mn_wait_ticks
<LI><a href="#[28c1840]">&gt;&gt;</a>&nbsp;&nbsp;&nbsp;mn_server
<LI><a href="#[28c1888]">&gt;&gt;</a>&nbsp;&nbsp;&nbsp;mn_open_interface
<LI><a href="#[28c18d0]">&gt;&gt;</a>&nbsp;&nbsp;&nbsp;mn_init
<LI><a href="#[28c1918]">&gt;&gt;</a>&nbsp;&nbsp;&nbsp;mn_dhcp_start
<LI><a href="#[28c1960]">&gt;&gt;</a>&nbsp;&nbsp;&nbsp;mn_close_interface
<LI><a href="#[28c19a8]">&gt;&gt;</a>&nbsp;&nbsp;&nbsp;mn_assign_interface
<LI><a href="#[28c1a80]">&gt;&gt;</a>&nbsp;&nbsp;&nbsp;init_cmd_buff
<LI><a href="#[28cfec8]">&gt;&gt;</a>&nbsp;&nbsp;&nbsp;mn_open
<LI><a href="#[2e1bd78]">&gt;&gt;</a>&nbsp;&nbsp;&nbsp;strcpy
<LI><a href="#[2e1d810]">&gt;&gt;</a>&nbsp;&nbsp;&nbsp;__1printf
</UL>
<BR>[Called By]<UL><LI><a href="#[28c1d08]">&gt;&gt;</a>&nbsp;&nbsp;&nbsp;main
</UL>

<P><STRONG><a name="[28c1d98]"></a>hardware_init</STRONG> (Thumb, 420 bytes, Stack size 24 bytes, main.o(.text))
<BR><BR>[Stack]<UL><LI>Max Depth = 1664 + Unknown Stack Size
<LI>Call Chain = hardware_init &rArr; flash_write_default &rArr; write_all &rArr; atoi &rArr; strtol &rArr; _strtoul
</UL>
<BR>[Calls]<UL><LI><a href="#[28c1768]">&gt;&gt;</a>&nbsp;&nbsp;&nbsp;read_flash
<LI><a href="#[28c1ac8]">&gt;&gt;</a>&nbsp;&nbsp;&nbsp;initUART
<LI><a href="#[28c1b10]">&gt;&gt;</a>&nbsp;&nbsp;&nbsp;fnInitFlashDriver
<LI><a href="#[28c1b58]">&gt;&gt;</a>&nbsp;&nbsp;&nbsp;fnClearUploadSpace
<LI><a href="#[28c1ba0]">&gt;&gt;</a>&nbsp;&nbsp;&nbsp;flash_write_default
</UL>
<BR>[Called By]<UL><LI><a href="#[28c1d08]">&gt;&gt;</a>&nbsp;&nbsp;&nbsp;main
</UL>

<P><STRONG><a name="[28c1d50]"></a>detect_model</STRONG> (Thumb, 210 bytes, Stack size 24 bytes, main.o(.text))
<BR><BR>[Stack]<UL><LI>Max Depth = 32<LI>Call Chain = detect_model &rArr; test_bit
</UL>
<BR>[Calls]<UL><LI><a href="#[28c16d8]">&gt;&gt;</a>&nbsp;&nbsp;&nbsp;test_bit
<LI><a href="#[28c19f0]">&gt;&gt;</a>&nbsp;&nbsp;&nbsp;io_dir
</UL>
<BR>[Called By]<UL><LI><a href="#[28c1d08]">&gt;&gt;</a>&nbsp;&nbsp;&nbsp;main
</UL>

<P><STRONG><a name="[28c1d08]"></a>main</STRONG> (Thumb, 26 bytes, Stack size 8 bytes, main.o(.text))
<BR><BR>[Stack]<UL><LI>Max Depth = 2352 + Unknown Stack Size
<LI>Call Chain = main &rArr; main_task &rArr; mn_server &rArr; mn_app_server_idle &rArr; isvr_condition_alarm &rArr; send_mail &rArr; mn_smtp_send_mail &rArr; smtp_load_buff &rArr; mn_send &rArr; mn_dhcp_renew &rArr; mn_dhcp_xchg_packet &rArr; mn_recv_wait &rArr; mn_tcp_recv &rArr; mn_app_process_packet &rArr; mn_port2002_process_packet &rArr; flash_write_default &rArr; write_all &rArr; atoi &rArr; strtol &rArr; _strtoul
</UL>
<BR>[Calls]<UL><LI><a href="#[28c1c78]">&gt;&gt;</a>&nbsp;&nbsp;&nbsp;data_or_conf_mode
<LI><a href="#[28c1d50]">&gt;&gt;</a>&nbsp;&nbsp;&nbsp;detect_model
<LI><a href="#[28c1d98]">&gt;&gt;</a>&nbsp;&nbsp;&nbsp;hardware_init
<LI><a href="#[28c1de0]">&gt;&gt;</a>&nbsp;&nbsp;&nbsp;main_task
</UL>
<BR>[Address Reference Count : 1]<UL><LI> kernel.o(.text)
</UL>
<P><STRONG><a name="[d33358]"></a>GPIOResetInit</STRONG> (Thumb, 104 bytes, Stack size 0 bytes, main.o(.text))
<BR><BR>[Called By]<UL><LI><a href="#[d33430]">&gt;&gt;</a>&nbsp;&nbsp;&nbsp;Reset_Handler (via Veneer)
</UL>

<P><STRONG><a name="[28c1ac8]"></a>initUART</STRONG> (Thumb, 66 bytes, Stack size 8 bytes, serial_cfg.o(.text))
<BR><BR>[Stack]<UL><LI>Max Depth = 28 + Unknown Stack Size
<LI>Call Chain = initUART &rArr; rs485_init_uart
</UL>
<BR>[Calls]<UL><LI><a href="#[d241c8]">&gt;&gt;</a>&nbsp;&nbsp;&nbsp;K_OS_Enable_Interrupts (via Veneer)
<LI><a href="#[d24210]">&gt;&gt;</a>&nbsp;&nbsp;&nbsp;K_OS_Disable_Interrupts (via Veneer)
<LI><a href="#[28d5d50]">&gt;&gt;</a>&nbsp;&nbsp;&nbsp;rs485_init_uart
<LI><a href="#[28d5d98]">&gt;&gt;</a>&nbsp;&nbsp;&nbsp;rs232_gpio_ttl_init_uart
<LI><a href="#[28d5de0]">&gt;&gt;</a>&nbsp;&nbsp;&nbsp;rs232_full_init_uart
</UL>
<BR>[Called By]<UL><LI><a href="#[28c1d98]">&gt;&gt;</a>&nbsp;&nbsp;&nbsp;hardware_init
</UL>

<P><STRONG><a name="[28d62f0]"></a>start_xmit</STRONG> (Thumb, 8 bytes, Stack size 8 bytes, serial_cfg.o(.text))
<BR><BR>[Stack]<UL><LI>Max Depth = 24<LI>Call Chain = start_xmit &rArr; EthernetToSerial
</UL>
<BR>[Calls]<UL><LI><a href="#[28d6068]">&gt;&gt;</a>&nbsp;&nbsp;&nbsp;EthernetToSerial
</UL>
<BR>[Called By]<UL><LI><a href="#[2899c70]">&gt;&gt;</a>&nbsp;&nbsp;&nbsp;post_command
<LI><a href="#[28c1840]">&gt;&gt;</a>&nbsp;&nbsp;&nbsp;mn_server
<LI><a href="#[2953fc8]">&gt;&gt;</a>&nbsp;&nbsp;&nbsp;modbus_send
<LI><a href="#[2ce3de0]">&gt;&gt;</a>&nbsp;&nbsp;&nbsp;get_reading
</UL>

<P><STRONG><a name="[28d62a8]"></a>uart1_handler</STRONG> (Thumb, 394 bytes, Stack size 36 bytes, serial_cfg.o(.text))
<BR><BR>[Stack]<UL><LI>Max Depth = 36<LI>Call Chain = uart1_handler
</UL>
<BR>[Address Reference Count : 1]<UL><LI> rs232_full_snn.o(.text)
</UL>
<P><STRONG><a name="[28d6260]"></a>uart0_handler</STRONG> (Thumb, 526 bytes, Stack size 40 bytes, serial_cfg.o(.text))
<BR><BR>[Stack]<UL><LI>Max Depth = 40<LI>Call Chain = uart0_handler
</UL>
<BR>[Address Reference Count : 2]<UL><LI> rs485_snn.o(.text)
<LI> rs232_gpio_snn.o(.text)
</UL>
<P><STRONG><a name="[28d6218]"></a>print_all_settings</STRONG> (Thumb, 504 bytes, Stack size 304 bytes, serial_cfg.o(.text))
<BR><BR>[Stack]<UL><LI>Max Depth = 328<LI>Call Chain = print_all_settings &rArr; __1printf
</UL>
<BR>[Calls]<UL><LI><a href="#[2e19ec8]">&gt;&gt;</a>&nbsp;&nbsp;&nbsp;__ARM_switch8 (via Veneer)
<LI><a href="#[2e1bd78]">&gt;&gt;</a>&nbsp;&nbsp;&nbsp;strcpy
<LI><a href="#[2e1c2e8]">&gt;&gt;</a>&nbsp;&nbsp;&nbsp;__aeabi_memcpy4 (via Veneer)
<LI><a href="#[2e1d810]">&gt;&gt;</a>&nbsp;&nbsp;&nbsp;__1printf
</UL>
<BR>[Called By]<UL><LI><a href="#[28d60f8]">&gt;&gt;</a>&nbsp;&nbsp;&nbsp;show_prompt
<LI><a href="#[28d61d0]">&gt;&gt;</a>&nbsp;&nbsp;&nbsp;show_settings_mode
</UL>

<P><STRONG><a name="[28d61d0]"></a>show_settings_mode</STRONG> (Thumb, 164 bytes, Stack size 48 bytes, serial_cfg.o(.text))
<BR><BR>[Stack]<UL><LI>Max Depth = 376<LI>Call Chain = show_settings_mode &rArr; print_all_settings &rArr; __1printf
</UL>
<BR>[Calls]<UL><LI><a href="#[d32720]">&gt;&gt;</a>&nbsp;&nbsp;&nbsp;WDTInit
<LI><a href="#[28d6218]">&gt;&gt;</a>&nbsp;&nbsp;&nbsp;print_all_settings
<LI><a href="#[2e1b9f8]">&gt;&gt;</a>&nbsp;&nbsp;&nbsp;strlen
<LI><a href="#[2e1c028]">&gt;&gt;</a>&nbsp;&nbsp;&nbsp;__aeabi_memclr4 (via Veneer)
<LI><a href="#[2e1cae8]">&gt;&gt;</a>&nbsp;&nbsp;&nbsp;memcmp
<LI><a href="#[2e1ccf0]">&gt;&gt;</a>&nbsp;&nbsp;&nbsp;gets
<LI><a href="#[2e1d810]">&gt;&gt;</a>&nbsp;&nbsp;&nbsp;__1printf
</UL>
<BR>[Called By]<UL><LI><a href="#[28c1c78]">&gt;&gt;</a>&nbsp;&nbsp;&nbsp;data_or_conf_mode
</UL>

<P><STRONG><a name="[28d6188]"></a>show_help</STRONG> (Thumb, 46 bytes, Stack size 8 bytes, serial_cfg.o(.text))
<BR><BR>[Stack]<UL><LI>Max Depth = 32<LI>Call Chain = show_help &rArr; __1printf
</UL>
<BR>[Calls]<UL><LI><a href="#[2e1d810]">&gt;&gt;</a>&nbsp;&nbsp;&nbsp;__1printf
</UL>
<BR>[Called By]<UL><LI><a href="#[28d60f8]">&gt;&gt;</a>&nbsp;&nbsp;&nbsp;show_prompt
</UL>

<P><STRONG><a name="[28d6140]"></a>show_set_help</STRONG> (Thumb, 1208 bytes, Stack size 8 bytes, serial_cfg.o(.text))
<BR><BR>[Stack]<UL><LI>Max Depth = 32<LI>Call Chain = show_set_help &rArr; __1printf
</UL>
<BR>[Calls]<UL><LI><a href="#[2e1d810]">&gt;&gt;</a>&nbsp;&nbsp;&nbsp;__1printf
</UL>
<BR>[Called By]<UL><LI><a href="#[28d60f8]">&gt;&gt;</a>&nbsp;&nbsp;&nbsp;show_prompt
</UL>

<P><STRONG><a name="[28d60f8]"></a>show_prompt</STRONG> (Thumb, 1642 bytes, Stack size 48 bytes, serial_cfg.o(.text))
<BR><BR>[Stack]<UL><LI>Max Depth = 1688 + Unknown Stack Size
<LI>Call Chain = show_prompt &rArr; flash_write_default &rArr; write_all &rArr; atoi &rArr; strtol &rArr; _strtoul
</UL>
<BR>[Calls]<UL><LI><a href="#[d245b8]">&gt;&gt;</a>&nbsp;&nbsp;&nbsp;s_mac_process
<LI><a href="#[d24648]">&gt;&gt;</a>&nbsp;&nbsp;&nbsp;s_ip_process
<LI><a href="#[d32720]">&gt;&gt;</a>&nbsp;&nbsp;&nbsp;WDTInit
<LI><a href="#[28c1ba0]">&gt;&gt;</a>&nbsp;&nbsp;&nbsp;flash_write_default
<LI><a href="#[28cfa00]">&gt;&gt;</a>&nbsp;&nbsp;&nbsp;write_all
<LI><a href="#[28d6140]">&gt;&gt;</a>&nbsp;&nbsp;&nbsp;show_set_help
<LI><a href="#[28d6188]">&gt;&gt;</a>&nbsp;&nbsp;&nbsp;show_help
<LI><a href="#[28d6218]">&gt;&gt;</a>&nbsp;&nbsp;&nbsp;print_all_settings
<LI><a href="#[2e19ec8]">&gt;&gt;</a>&nbsp;&nbsp;&nbsp;__ARM_switch8 (via Veneer)
<LI><a href="#[2e1b630]">&gt;&gt;</a>&nbsp;&nbsp;&nbsp;strtok
<LI><a href="#[2e1b9f8]">&gt;&gt;</a>&nbsp;&nbsp;&nbsp;strlen
<LI><a href="#[2e1bbb8]">&gt;&gt;</a>&nbsp;&nbsp;&nbsp;strncmp
<LI><a href="#[2e1bd78]">&gt;&gt;</a>&nbsp;&nbsp;&nbsp;strcpy
<LI><a href="#[2e1c778]">&gt;&gt;</a>&nbsp;&nbsp;&nbsp;__aeabi_memcpy (via Veneer)
<LI><a href="#[2e1ccf0]">&gt;&gt;</a>&nbsp;&nbsp;&nbsp;gets
<LI><a href="#[2e1d120]">&gt;&gt;</a>&nbsp;&nbsp;&nbsp;atoi
<LI><a href="#[2e1d810]">&gt;&gt;</a>&nbsp;&nbsp;&nbsp;__1printf
</UL>
<BR>[Called By]<UL><LI><a href="#[28d60b0]">&gt;&gt;</a>&nbsp;&nbsp;&nbsp;serial_console
</UL>

<P><STRONG><a name="[28d60b0]"></a>serial_console</STRONG> (Thumb, 172 bytes, Stack size 48 bytes, serial_cfg.o(.text))
<BR><BR>[Stack]<UL><LI>Max Depth = 1736 + Unknown Stack Size
<LI>Call Chain = serial_console &rArr; show_prompt &rArr; flash_write_default &rArr; write_all &rArr; atoi &rArr; strtol &rArr; _strtoul
</UL>
<BR>[Calls]<UL><LI><a href="#[d32720]">&gt;&gt;</a>&nbsp;&nbsp;&nbsp;WDTInit
<LI><a href="#[28d60f8]">&gt;&gt;</a>&nbsp;&nbsp;&nbsp;show_prompt
<LI><a href="#[2e1b9f8]">&gt;&gt;</a>&nbsp;&nbsp;&nbsp;strlen
<LI><a href="#[2e1c028]">&gt;&gt;</a>&nbsp;&nbsp;&nbsp;__aeabi_memclr4 (via Veneer)
<LI><a href="#[2e1cae8]">&gt;&gt;</a>&nbsp;&nbsp;&nbsp;memcmp
<LI><a href="#[2e1ccf0]">&gt;&gt;</a>&nbsp;&nbsp;&nbsp;gets
<LI><a href="#[2e1d810]">&gt;&gt;</a>&nbsp;&nbsp;&nbsp;__1printf
</UL>
<BR>[Called By]<UL><LI><a href="#[28c1c78]">&gt;&gt;</a>&nbsp;&nbsp;&nbsp;data_or_conf_mode
</UL>

<P><STRONG><a name="[28c1690]"></a>webpages_init</STRONG> (Thumb, 5144 bytes, Stack size 8 bytes, webpages.o(.text))
<BR><BR>[Stack]<UL><LI>Max Depth = 80<LI>Call Chain = webpages_init &rArr; mn_vf_set_entry &rArr; set_vf_entry &rArr; mn_stricmp_cb
</UL>
<BR>[Calls]<UL><LI><a href="#[289a2e8]">&gt;&gt;</a>&nbsp;&nbsp;&nbsp;mn_vf_set_entry
<LI><a href="#[289a330]">&gt;&gt;</a>&nbsp;&nbsp;&nbsp;mn_pf_set_entry
<LI><a href="#[289a378]">&gt;&gt;</a>&nbsp;&nbsp;&nbsp;mn_gf_set_entry
</UL>
<BR>[Called By]<UL><LI><a href="#[28c1de0]">&gt;&gt;</a>&nbsp;&nbsp;&nbsp;main_task
</UL>

<P><STRONG><a name="[28c17b0]"></a>power_on_alarm</STRONG> (Thumb, 70 bytes, Stack size 24 bytes, alarm.o(.text))
<BR><BR>[Stack]<UL><LI>Max Depth = 2008 + Unknown Stack Size
<LI>Call Chain = power_on_alarm &rArr; send_mail &rArr; mn_smtp_send_mail &rArr; smtp_load_buff &rArr; mn_send &rArr; mn_dhcp_renew &rArr; mn_dhcp_xchg_packet &rArr; mn_recv_wait &rArr; mn_tcp_recv &rArr; mn_app_process_packet &rArr; mn_port2002_process_packet &rArr; flash_write_default &rArr; write_all &rArr; atoi &rArr; strtol &rArr; _strtoul
</UL>
<BR>[Calls]<UL><LI><a href="#[28abb10]">&gt;&gt;</a>&nbsp;&nbsp;&nbsp;send_mail
<LI><a href="#[28abb58]">&gt;&gt;</a>&nbsp;&nbsp;&nbsp;mn_snmp_trap
</UL>
<BR>[Called By]<UL><LI><a href="#[28c1de0]">&gt;&gt;</a>&nbsp;&nbsp;&nbsp;main_task
</UL>

<P><STRONG><a name="[d23eb0]"></a>ip_changed_alarm</STRONG> (Thumb, 72 bytes, Stack size 24 bytes, alarm.o(.text))
<BR><BR>[Stack]<UL><LI>Max Depth = 2008 + Unknown Stack Size
<LI>Call Chain = ip_changed_alarm &rArr; send_mail &rArr; mn_smtp_send_mail &rArr; smtp_load_buff &rArr; mn_send &rArr; mn_dhcp_renew &rArr; mn_dhcp_xchg_packet &rArr; mn_recv_wait &rArr; mn_tcp_recv &rArr; mn_app_process_packet &rArr; mn_port2002_process_packet &rArr; flash_write_default &rArr; write_all &rArr; atoi &rArr; strtol &rArr; _strtoul
</UL>
<BR>[Calls]<UL><LI><a href="#[28abb10]">&gt;&gt;</a>&nbsp;&nbsp;&nbsp;send_mail
<LI><a href="#[28abb58]">&gt;&gt;</a>&nbsp;&nbsp;&nbsp;mn_snmp_trap
</UL>
<BR>[Called By]<UL><LI><a href="#[d24330]">&gt;&gt;</a>&nbsp;&nbsp;&nbsp;mn_app_server_idle
</UL>

<P><STRONG><a name="[d23e20]"></a>isvr_accessed_alarm</STRONG> (Thumb, 72 bytes, Stack size 24 bytes, alarm.o(.text))
<BR><BR>[Stack]<UL><LI>Max Depth = 2008 + Unknown Stack Size
<LI>Call Chain = isvr_accessed_alarm &rArr; send_mail &rArr; mn_smtp_send_mail &rArr; smtp_load_buff &rArr; mn_send &rArr; mn_dhcp_renew &rArr; mn_dhcp_xchg_packet &rArr; mn_recv_wait &rArr; mn_tcp_recv &rArr; mn_app_process_packet &rArr; mn_port2002_process_packet &rArr; flash_write_default &rArr; write_all &rArr; atoi &rArr; strtol &rArr; _strtoul
</UL>
<BR>[Calls]<UL><LI><a href="#[28abb10]">&gt;&gt;</a>&nbsp;&nbsp;&nbsp;send_mail
<LI><a href="#[28abb58]">&gt;&gt;</a>&nbsp;&nbsp;&nbsp;mn_snmp_trap
</UL>
<BR>[Called By]<UL><LI><a href="#[d24330]">&gt;&gt;</a>&nbsp;&nbsp;&nbsp;mn_app_server_idle
</UL>

<P><STRONG><a name="[d23d48]"></a>isvr_disconnect_alarm</STRONG> (Thumb, 80 bytes, Stack size 32 bytes, alarm.o(.text))
<BR><BR>[Stack]<UL><LI>Max Depth = 2016 + Unknown Stack Size
<LI>Call Chain = isvr_disconnect_alarm &rArr; send_mail &rArr; mn_smtp_send_mail &rArr; smtp_load_buff &rArr; mn_send &rArr; mn_dhcp_renew &rArr; mn_dhcp_xchg_packet &rArr; mn_recv_wait &rArr; mn_tcp_recv &rArr; mn_app_process_packet &rArr; mn_port2002_process_packet &rArr; flash_write_default &rArr; write_all &rArr; atoi &rArr; strtol &rArr; _strtoul
</UL>
<BR>[Calls]<UL><LI><a href="#[28abb10]">&gt;&gt;</a>&nbsp;&nbsp;&nbsp;send_mail
<LI><a href="#[28abb58]">&gt;&gt;</a>&nbsp;&nbsp;&nbsp;mn_snmp_trap
</UL>
<BR>[Called By]<UL><LI><a href="#[d24330]">&gt;&gt;</a>&nbsp;&nbsp;&nbsp;mn_app_server_idle
</UL>

<P><STRONG><a name="[28abba0]"></a>test_pin_condition</STRONG> (Thumb, 52 bytes, Stack size 16 bytes, alarm.o(.text))
<BR><BR>[Stack]<UL><LI>Max Depth = 24<LI>Call Chain = test_pin_condition &rArr; test_bit
</UL>
<BR>[Calls]<UL><LI><a href="#[28c16d8]">&gt;&gt;</a>&nbsp;&nbsp;&nbsp;test_bit
</UL>
<BR>[Called By]<UL><LI><a href="#[d23d90]">&gt;&gt;</a>&nbsp;&nbsp;&nbsp;isvr_condition_alarm
</UL>

<P><STRONG><a name="[d23d90]"></a>isvr_condition_alarm</STRONG> (Thumb, 252 bytes, Stack size 56 bytes, alarm.o(.text))
<BR><BR>[Stack]<UL><LI>Max Depth = 2040 + Unknown Stack Size
<LI>Call Chain = isvr_condition_alarm &rArr; send_mail &rArr; mn_smtp_send_mail &rArr; smtp_load_buff &rArr; mn_send &rArr; mn_dhcp_renew &rArr; mn_dhcp_xchg_packet &rArr; mn_recv_wait &rArr; mn_tcp_recv &rArr; mn_app_process_packet &rArr; mn_port2002_process_packet &rArr; flash_write_default &rArr; write_all &rArr; atoi &rArr; strtol &rArr; _strtoul
</UL>
<BR>[Calls]<UL><LI><a href="#[28abb10]">&gt;&gt;</a>&nbsp;&nbsp;&nbsp;send_mail
<LI><a href="#[28abb58]">&gt;&gt;</a>&nbsp;&nbsp;&nbsp;mn_snmp_trap
<LI><a href="#[28abba0]">&gt;&gt;</a>&nbsp;&nbsp;&nbsp;test_pin_condition
<LI><a href="#[2e1c2e8]">&gt;&gt;</a>&nbsp;&nbsp;&nbsp;__aeabi_memcpy4 (via Veneer)
</UL>
<BR>[Called By]<UL><LI><a href="#[d24330]">&gt;&gt;</a>&nbsp;&nbsp;&nbsp;mn_app_server_idle
</UL>

<P><STRONG><a name="[d23dd8]"></a>isvr_char_alarm</STRONG> (Thumb, 74 bytes, Stack size 24 bytes, alarm.o(.text))
<BR><BR>[Stack]<UL><LI>Max Depth = 2008 + Unknown Stack Size
<LI>Call Chain = isvr_char_alarm &rArr; send_mail &rArr; mn_smtp_send_mail &rArr; smtp_load_buff &rArr; mn_send &rArr; mn_dhcp_renew &rArr; mn_dhcp_xchg_packet &rArr; mn_recv_wait &rArr; mn_tcp_recv &rArr; mn_app_process_packet &rArr; mn_port2002_process_packet &rArr; flash_write_default &rArr; write_all &rArr; atoi &rArr; strtol &rArr; _strtoul
</UL>
<BR>[Calls]<UL><LI><a href="#[28abb10]">&gt;&gt;</a>&nbsp;&nbsp;&nbsp;send_mail
<LI><a href="#[28abb58]">&gt;&gt;</a>&nbsp;&nbsp;&nbsp;mn_snmp_trap
</UL>
<BR>[Called By]<UL><LI><a href="#[d24330]">&gt;&gt;</a>&nbsp;&nbsp;&nbsp;mn_app_server_idle
</UL>

<P><STRONG><a name="[28abb10]"></a>send_mail</STRONG> (Thumb, 226 bytes, Stack size 48 bytes, email.o(.text))
<BR><BR>[Stack]<UL><LI>Max Depth = 1984 + Unknown Stack Size
<LI>Call Chain = send_mail &rArr; mn_smtp_send_mail &rArr; smtp_load_buff &rArr; mn_send &rArr; mn_dhcp_renew &rArr; mn_dhcp_xchg_packet &rArr; mn_recv_wait &rArr; mn_tcp_recv &rArr; mn_app_process_packet &rArr; mn_port2002_process_packet &rArr; flash_write_default &rArr; write_all &rArr; atoi &rArr; strtol &rArr; _strtoul
</UL>
<BR>[Calls]<UL><LI><a href="#[d23fd0]">&gt;&gt;</a>&nbsp;&nbsp;&nbsp;delayMs
<LI><a href="#[28a0b70]">&gt;&gt;</a>&nbsp;&nbsp;&nbsp;mn_smtp_start_session
<LI><a href="#[28a0bb8]">&gt;&gt;</a>&nbsp;&nbsp;&nbsp;mn_smtp_send_mail
<LI><a href="#[28a0c00]">&gt;&gt;</a>&nbsp;&nbsp;&nbsp;mn_smtp_end_session
<LI><a href="#[2e19ec8]">&gt;&gt;</a>&nbsp;&nbsp;&nbsp;__ARM_switch8 (via Veneer)
<LI><a href="#[2e1c778]">&gt;&gt;</a>&nbsp;&nbsp;&nbsp;__aeabi_memcpy (via Veneer)
<LI><a href="#[2e1d810]">&gt;&gt;</a>&nbsp;&nbsp;&nbsp;__1printf
</UL>
<BR>[Called By]<UL><LI><a href="#[d23d48]">&gt;&gt;</a>&nbsp;&nbsp;&nbsp;isvr_disconnect_alarm
<LI><a href="#[d23d90]">&gt;&gt;</a>&nbsp;&nbsp;&nbsp;isvr_condition_alarm
<LI><a href="#[d23dd8]">&gt;&gt;</a>&nbsp;&nbsp;&nbsp;isvr_char_alarm
<LI><a href="#[d23e20]">&gt;&gt;</a>&nbsp;&nbsp;&nbsp;isvr_accessed_alarm
<LI><a href="#[d23eb0]">&gt;&gt;</a>&nbsp;&nbsp;&nbsp;ip_changed_alarm
<LI><a href="#[28c17b0]">&gt;&gt;</a>&nbsp;&nbsp;&nbsp;power_on_alarm
</UL>

<P><STRONG><a name="[28a03b8]"></a>fputc</STRONG> (Thumb, 12 bytes, Stack size 8 bytes, retarget.o(.text))
<BR><BR>[Stack]<UL><LI>Max Depth = 8<LI>Call Chain = fputc
</UL>
<BR>[Calls]<UL><LI><a href="#[295f2f0]">&gt;&gt;</a>&nbsp;&nbsp;&nbsp;sendchar
</UL>
<BR>[Address Reference Count : 1]<UL><LI> __0printf.o(.text)
</UL>
<P><STRONG><a name="[28a0370]"></a>fgetc</STRONG> (Thumb, 8 bytes, Stack size 8 bytes, retarget.o(.text))
<BR><BR>[Stack]<UL><LI>Max Depth = 8<LI>Call Chain = fgetc
</UL>
<BR>[Calls]<UL><LI><a href="#[295f338]">&gt;&gt;</a>&nbsp;&nbsp;&nbsp;getkey
</UL>
<BR>[Called By]<UL><LI><a href="#[2e1ccf0]">&gt;&gt;</a>&nbsp;&nbsp;&nbsp;gets
</UL>

<P><STRONG><a name="[28a0328]"></a>ferror</STRONG> (Thumb, 6 bytes, Stack size 0 bytes, retarget.o(.text))
<BR><BR>[Called By]<UL><LI><a href="#[2e1ccf0]">&gt;&gt;</a>&nbsp;&nbsp;&nbsp;gets
<LI><a href="#[2e1d858]">&gt;&gt;</a>&nbsp;&nbsp;&nbsp;__0printf
</UL>

<P><STRONG><a name="[28a02e0]"></a>_ttywrch</STRONG> (Thumb, 8 bytes, Stack size 8 bytes, retarget.o(.text), UNUSED)
<BR><BR>[Calls]<UL><LI><a href="#[295f2f0]">&gt;&gt;</a>&nbsp;&nbsp;&nbsp;sendchar
</UL>

<P><STRONG><a name="[28a0298]"></a>_sys_exit</STRONG> (Thumb, 2 bytes, Stack size 0 bytes, retarget.o(.text), UNUSED)
<BR><BR>[Calls]<UL><LI><a href="#[28a0298]">&gt;&gt;</a>&nbsp;&nbsp;&nbsp;_sys_exit
</UL>
<BR>[Called By]<UL><LI><a href="#[28a0298]">&gt;&gt;</a>&nbsp;&nbsp;&nbsp;_sys_exit
<LI><a href="#[2e191e8]">&gt;&gt;</a>&nbsp;&nbsp;&nbsp;__rt_abort (via Veneer)
</UL>

<P><STRONG><a name="[2954058]"></a>modbus_exception</STRONG> (Thumb, 46 bytes, Stack size 0 bytes, modbus.o(.text))
<BR><BR>[Called By]<UL><LI><a href="#[28cfd60]">&gt;&gt;</a>&nbsp;&nbsp;&nbsp;modbus_recv
<LI><a href="#[2953f80]">&gt;&gt;</a>&nbsp;&nbsp;&nbsp;modbus_return_package
<LI><a href="#[2953fc8]">&gt;&gt;</a>&nbsp;&nbsp;&nbsp;modbus_send
</UL>

<P><STRONG><a name="[2954010]"></a>calc_crc</STRONG> (Thumb, 50 bytes, Stack size 8 bytes, modbus.o(.text))
<BR><BR>[Stack]<UL><LI>Max Depth = 8<LI>Call Chain = calc_crc
</UL>
<BR>[Called By]<UL><LI><a href="#[2953f80]">&gt;&gt;</a>&nbsp;&nbsp;&nbsp;modbus_return_package
<LI><a href="#[2953fc8]">&gt;&gt;</a>&nbsp;&nbsp;&nbsp;modbus_send
</UL>

<P><STRONG><a name="[2953fc8]"></a>modbus_send</STRONG> (Thumb, 128 bytes, Stack size 16 bytes, modbus.o(.text))
<BR><BR>[Stack]<UL><LI>Max Depth = 40<LI>Call Chain = modbus_send &rArr; start_xmit &rArr; EthernetToSerial
</UL>
<BR>[Calls]<UL><LI><a href="#[28d62f0]">&gt;&gt;</a>&nbsp;&nbsp;&nbsp;start_xmit
<LI><a href="#[2954010]">&gt;&gt;</a>&nbsp;&nbsp;&nbsp;calc_crc
<LI><a href="#[2954058]">&gt;&gt;</a>&nbsp;&nbsp;&nbsp;modbus_exception
</UL>
<BR>[Called By]<UL><LI><a href="#[28c1840]">&gt;&gt;</a>&nbsp;&nbsp;&nbsp;mn_server
</UL>

<P><STRONG><a name="[2953f80]"></a>modbus_return_package</STRONG> (Thumb, 148 bytes, Stack size 24 bytes, modbus.o(.text))
<BR><BR>[Stack]<UL><LI>Max Depth = 32 + Unknown Stack Size
<LI>Call Chain = modbus_return_package &rArr; calc_crc
</UL>
<BR>[Calls]<UL><LI><a href="#[d241c8]">&gt;&gt;</a>&nbsp;&nbsp;&nbsp;K_OS_Enable_Interrupts (via Veneer)
<LI><a href="#[d24210]">&gt;&gt;</a>&nbsp;&nbsp;&nbsp;K_OS_Disable_Interrupts (via Veneer)
<LI><a href="#[2954010]">&gt;&gt;</a>&nbsp;&nbsp;&nbsp;calc_crc
<LI><a href="#[2954058]">&gt;&gt;</a>&nbsp;&nbsp;&nbsp;modbus_exception
</UL>
<BR>[Called By]<UL><LI><a href="#[28cfd60]">&gt;&gt;</a>&nbsp;&nbsp;&nbsp;modbus_recv
</UL>

<P><STRONG><a name="[28cfd60]"></a>modbus_recv</STRONG> (Thumb, 30 bytes, Stack size 8 bytes, modbus.o(.text))
<BR><BR>[Stack]<UL><LI>Max Depth = 40 + Unknown Stack Size
<LI>Call Chain = modbus_recv &rArr; modbus_return_package &rArr; calc_crc
</UL>
<BR>[Calls]<UL><LI><a href="#[d23fd0]">&gt;&gt;</a>&nbsp;&nbsp;&nbsp;delayMs
<LI><a href="#[2953f80]">&gt;&gt;</a>&nbsp;&nbsp;&nbsp;modbus_return_package
<LI><a href="#[2954058]">&gt;&gt;</a>&nbsp;&nbsp;&nbsp;modbus_exception
</UL>
<BR>[Called By]<UL><LI><a href="#[d24330]">&gt;&gt;</a>&nbsp;&nbsp;&nbsp;mn_app_server_idle
</UL>

<P><STRONG><a name="[28c1c78]"></a>data_or_conf_mode</STRONG> (Thumb, 156 bytes, Stack size 40 bytes, data_conf_mode.o(.text))
<BR><BR>[Stack]<UL><LI>Max Depth = 1776 + Unknown Stack Size
<LI>Call Chain = data_or_conf_mode &rArr; serial_console &rArr; show_prompt &rArr; flash_write_default &rArr; write_all &rArr; atoi &rArr; strtol &rArr; _strtoul
</UL>
<BR>[Calls]<UL><LI><a href="#[28d60b0]">&gt;&gt;</a>&nbsp;&nbsp;&nbsp;serial_console
<LI><a href="#[28d61d0]">&gt;&gt;</a>&nbsp;&nbsp;&nbsp;show_settings_mode
</UL>
<BR>[Called By]<UL><LI><a href="#[28c1d08]">&gt;&gt;</a>&nbsp;&nbsp;&nbsp;main
</UL>

<P><STRONG><a name="[28c1a80]"></a>init_cmd_buff</STRONG> (Thumb, 18 bytes, Stack size 0 bytes, port_2002_handler.o(.text))
<BR><BR>[Called By]<UL><LI><a href="#[28c1de0]">&gt;&gt;</a>&nbsp;&nbsp;&nbsp;main_task
<LI><a href="#[28cfe80]">&gt;&gt;</a>&nbsp;&nbsp;&nbsp;mn_port2002_process_packet
</UL>

<P><STRONG><a name="[293dce0]"></a>check_spassword_func</STRONG> (Thumb, 16 bytes, Stack size 8 bytes, port_2002_handler.o(.text), UNUSED)
<BR><BR>[Calls]<UL><LI><a href="#[293daa0]">&gt;&gt;</a>&nbsp;&nbsp;&nbsp;check_password
</UL>

<P><STRONG><a name="[293dc98]"></a>check_cpswd</STRONG> (Thumb, 108 bytes, Stack size 16 bytes, port_2002_handler.o(.text))
<BR><BR>[Stack]<UL><LI>Max Depth = 24<LI>Call Chain = check_cpswd &rArr; strlen
</UL>
<BR>[Calls]<UL><LI><a href="#[2e1b9f8]">&gt;&gt;</a>&nbsp;&nbsp;&nbsp;strlen
<LI><a href="#[2e1cae8]">&gt;&gt;</a>&nbsp;&nbsp;&nbsp;memcmp
</UL>
<BR>[Called By]<UL><LI><a href="#[28cfe80]">&gt;&gt;</a>&nbsp;&nbsp;&nbsp;mn_port2002_process_packet
</UL>

<P><STRONG><a name="[293dc50]"></a>print_read</STRONG> (Thumb, 1580 bytes, Stack size 520 bytes, port_2002_handler.o(.text))
<BR><BR>[Stack]<UL><LI>Max Depth = 552<LI>Call Chain = print_read &rArr; __1sprintf
</UL>
<BR>[Calls]<UL><LI><a href="#[2e19ec8]">&gt;&gt;</a>&nbsp;&nbsp;&nbsp;__ARM_switch8 (via Veneer)
<LI><a href="#[2e1b478]">&gt;&gt;</a>&nbsp;&nbsp;&nbsp;strcat
<LI><a href="#[2e1bd78]">&gt;&gt;</a>&nbsp;&nbsp;&nbsp;strcpy
<LI><a href="#[2e1c2e8]">&gt;&gt;</a>&nbsp;&nbsp;&nbsp;__aeabi_memcpy4 (via Veneer)
<LI><a href="#[2e1d530]">&gt;&gt;</a>&nbsp;&nbsp;&nbsp;__1sprintf
</UL>
<BR>[Called By]<UL><LI><a href="#[28cfe80]">&gt;&gt;</a>&nbsp;&nbsp;&nbsp;mn_port2002_process_packet
</UL>

<P><STRONG><a name="[293dc08]"></a>check_cmd</STRONG> (Thumb, 1666 bytes, Stack size 40 bytes, port_2002_handler.o(.text))
<BR><BR>[Stack]<UL><LI>Max Depth = 272 + Unknown Stack Size
<LI>Call Chain = check_cmd &rArr; __0sscanf &rArr; __vfscanf_char &rArr; __vfscanf &rArr; _scanf_int
</UL>
<BR>[Calls]<UL><LI><a href="#[d245b8]">&gt;&gt;</a>&nbsp;&nbsp;&nbsp;s_mac_process
<LI><a href="#[d24600]">&gt;&gt;</a>&nbsp;&nbsp;&nbsp;moddev_supplement
<LI><a href="#[d24648]">&gt;&gt;</a>&nbsp;&nbsp;&nbsp;s_ip_process
<LI><a href="#[293da58]">&gt;&gt;</a>&nbsp;&nbsp;&nbsp;hname_supplement
<LI><a href="#[2e1b630]">&gt;&gt;</a>&nbsp;&nbsp;&nbsp;strtok
<LI><a href="#[2e1b9f8]">&gt;&gt;</a>&nbsp;&nbsp;&nbsp;strlen
<LI><a href="#[2e1bbb8]">&gt;&gt;</a>&nbsp;&nbsp;&nbsp;strncmp
<LI><a href="#[2e1bd78]">&gt;&gt;</a>&nbsp;&nbsp;&nbsp;strcpy
<LI><a href="#[2e1c778]">&gt;&gt;</a>&nbsp;&nbsp;&nbsp;__aeabi_memcpy (via Veneer)
<LI><a href="#[2e1d120]">&gt;&gt;</a>&nbsp;&nbsp;&nbsp;atoi
<LI><a href="#[2e1d370]">&gt;&gt;</a>&nbsp;&nbsp;&nbsp;__0sscanf
</UL>
<BR>[Called By]<UL><LI><a href="#[28cfe80]">&gt;&gt;</a>&nbsp;&nbsp;&nbsp;mn_port2002_process_packet
</UL>

<P><STRONG><a name="[28cfe80]"></a>mn_port2002_process_packet</STRONG> (Thumb, 256 bytes, Stack size 16 bytes, port_2002_handler.o(.text))
<BR><BR>[Stack]<UL><LI>Max Depth = 1656 + Unknown Stack Size
<LI>Call Chain = mn_port2002_process_packet &rArr; flash_write_default &rArr; write_all &rArr; atoi &rArr; strtol &rArr; _strtoul
</UL>
<BR>[Calls]<UL><LI><a href="#[d32720]">&gt;&gt;</a>&nbsp;&nbsp;&nbsp;WDTInit
<LI><a href="#[28c1a80]">&gt;&gt;</a>&nbsp;&nbsp;&nbsp;init_cmd_buff
<LI><a href="#[28c1ba0]">&gt;&gt;</a>&nbsp;&nbsp;&nbsp;flash_write_default
<LI><a href="#[28cfa00]">&gt;&gt;</a>&nbsp;&nbsp;&nbsp;write_all
<LI><a href="#[293dc08]">&gt;&gt;</a>&nbsp;&nbsp;&nbsp;check_cmd
<LI><a href="#[293dc50]">&gt;&gt;</a>&nbsp;&nbsp;&nbsp;print_read
<LI><a href="#[293dc98]">&gt;&gt;</a>&nbsp;&nbsp;&nbsp;check_cpswd
<LI><a href="#[2e1b9f8]">&gt;&gt;</a>&nbsp;&nbsp;&nbsp;strlen
</UL>
<BR>[Called By]<UL><LI><a href="#[d24498]">&gt;&gt;</a>&nbsp;&nbsp;&nbsp;mn_app_process_packet
</UL>

<P><STRONG><a name="[293dbc0]"></a>port2002_handler</STRONG> (Thumb, 642 bytes, Stack size 48 bytes, port_2002_handler.o(.text))
<BR><BR>[Stack]<UL><LI>Max Depth = 1872 + Unknown Stack Size
<LI>Call Chain = port2002_handler &rArr; mn_open &rArr; mn_tcp_open &rArr; tcp_recv_send &rArr; mn_tcp_recv &rArr; mn_app_process_packet &rArr; mn_port2002_process_packet &rArr; flash_write_default &rArr; write_all &rArr; atoi &rArr; strtol &rArr; _strtoul
</UL>
<BR>[Calls]<UL><LI><a href="#[d23cb8]">&gt;&gt;</a>&nbsp;&nbsp;&nbsp;mn_find_socket
<LI><a href="#[28cfdf0]">&gt;&gt;</a>&nbsp;&nbsp;&nbsp;mn_tcp_send
<LI><a href="#[28cfe38]">&gt;&gt;</a>&nbsp;&nbsp;&nbsp;mn_tcp_close
<LI><a href="#[28cfec8]">&gt;&gt;</a>&nbsp;&nbsp;&nbsp;mn_open
<LI><a href="#[2e1b9f8]">&gt;&gt;</a>&nbsp;&nbsp;&nbsp;strlen
</UL>
<BR>[Called By]<UL><LI><a href="#[28c1840]">&gt;&gt;</a>&nbsp;&nbsp;&nbsp;mn_server
</UL>

<P><STRONG><a name="[d24180]"></a>SerialToEthernet</STRONG> (Thumb, 580 bytes, Stack size 32 bytes, tcp_local_bridge.o(.text))
<BR><BR>[Stack]<UL><LI>Max Depth = 32 + Unknown Stack Size
<LI>Call Chain = SerialToEthernet
</UL>
<BR>[Calls]<UL><LI><a href="#[d241c8]">&gt;&gt;</a>&nbsp;&nbsp;&nbsp;K_OS_Enable_Interrupts (via Veneer)
<LI><a href="#[d24210]">&gt;&gt;</a>&nbsp;&nbsp;&nbsp;K_OS_Disable_Interrupts (via Veneer)
<LI><a href="#[2e1c778]">&gt;&gt;</a>&nbsp;&nbsp;&nbsp;__aeabi_memcpy (via Veneer)
</UL>
<BR>[Called By]<UL><LI><a href="#[d24330]">&gt;&gt;</a>&nbsp;&nbsp;&nbsp;mn_app_server_idle
</UL>

<P><STRONG><a name="[28d6068]"></a>EthernetToSerial</STRONG> (Thumb, 132 bytes, Stack size 16 bytes, tcp_local_bridge.o(.text))
<BR><BR>[Stack]<UL><LI>Max Depth = 16<LI>Call Chain = EthernetToSerial
</UL>
<BR>[Called By]<UL><LI><a href="#[28d62f0]">&gt;&gt;</a>&nbsp;&nbsp;&nbsp;start_xmit
</UL>

<P><STRONG><a name="[292f358]"></a>fnSaveUpload</STRONG> (Thumb, 70 bytes, Stack size 24 bytes, sw_upgrade.o(.text))
<BR><BR>[Stack]<UL><LI>Max Depth = 152 + Unknown Stack Size
<LI>Call Chain = fnSaveUpload &rArr; uFileWrite &rArr; fnWriteBytesFlash &rArr; fnFlashCommand
</UL>
<BR>[Calls]<UL><LI><a href="#[292f118]">&gt;&gt;</a>&nbsp;&nbsp;&nbsp;uFileWrite
<LI><a href="#[292f160]">&gt;&gt;</a>&nbsp;&nbsp;&nbsp;uFileCloseMime
</UL>
<BR>[Called By]<UL><LI><a href="#[d23be0]">&gt;&gt;</a>&nbsp;&nbsp;&nbsp;mn_http_process_packet
<LI><a href="#[2899838]">&gt;&gt;</a>&nbsp;&nbsp;&nbsp;post_software
</UL>

<P><STRONG><a name="[2899838]"></a>post_software</STRONG> (Thumb, 52 bytes, Stack size 16 bytes, sw_upgrade.o(.text))
<BR><BR>[Stack]<UL><LI>Max Depth = 168 + Unknown Stack Size
<LI>Call Chain = post_software &rArr; fnSaveUpload &rArr; uFileWrite &rArr; fnWriteBytesFlash &rArr; fnFlashCommand
</UL>
<BR>[Calls]<UL><LI><a href="#[292f0d0]">&gt;&gt;</a>&nbsp;&nbsp;&nbsp;uOpenFile
<LI><a href="#[292f1f0]">&gt;&gt;</a>&nbsp;&nbsp;&nbsp;fnGetMimeType
<LI><a href="#[292f238]">&gt;&gt;</a>&nbsp;&nbsp;&nbsp;fnGetFileType
<LI><a href="#[292f358]">&gt;&gt;</a>&nbsp;&nbsp;&nbsp;fnSaveUpload
</UL>
<BR>[Address Reference Count : 1]<UL><LI> webpages.o(.text)
</UL>
<P><STRONG><a name="[292f238]"></a>fnGetFileType</STRONG> (Thumb, 14 bytes, Stack size 0 bytes, ufileinterface.o(.text))
<BR><BR>[Called By]<UL><LI><a href="#[2899838]">&gt;&gt;</a>&nbsp;&nbsp;&nbsp;post_software
</UL>

<P><STRONG><a name="[292e470]"></a>uStrEquiv</STRONG> (Thumb, 60 bytes, Stack size 4 bytes, ufileinterface.o(.text))
<BR><BR>[Stack]<UL><LI>Max Depth = 4<LI>Call Chain = uStrEquiv
</UL>
<BR>[Called By]<UL><LI><a href="#[292f1f0]">&gt;&gt;</a>&nbsp;&nbsp;&nbsp;fnGetMimeType
</UL>

<P><STRONG><a name="[292f1f0]"></a>fnGetMimeType</STRONG> (Thumb, 92 bytes, Stack size 16 bytes, ufileinterface.o(.text))
<BR><BR>[Stack]<UL><LI>Max Depth = 20<LI>Call Chain = fnGetMimeType &rArr; uStrEquiv
</UL>
<BR>[Calls]<UL><LI><a href="#[292e470]">&gt;&gt;</a>&nbsp;&nbsp;&nbsp;uStrEquiv
</UL>
<BR>[Called By]<UL><LI><a href="#[2899838]">&gt;&gt;</a>&nbsp;&nbsp;&nbsp;post_software
</UL>

<P><STRONG><a name="[292e428]"></a>fnConvertName</STRONG> (Thumb, 24 bytes, Stack size 0 bytes, ufileinterface.o(.text))
<BR><BR>[Called By]<UL><LI><a href="#[292f0d0]">&gt;&gt;</a>&nbsp;&nbsp;&nbsp;uOpenFile
</UL>

<P><STRONG><a name="[292f0d0]"></a>uOpenFile</STRONG> (Thumb, 42 bytes, Stack size 4 bytes, ufileinterface.o(.text))
<BR><BR>[Stack]<UL><LI>Max Depth = 4<LI>Call Chain = uOpenFile
</UL>
<BR>[Calls]<UL><LI><a href="#[292e428]">&gt;&gt;</a>&nbsp;&nbsp;&nbsp;fnConvertName
</UL>
<BR>[Called By]<UL><LI><a href="#[2899838]">&gt;&gt;</a>&nbsp;&nbsp;&nbsp;post_software
</UL>

<P><STRONG><a name="[292f160]"></a>uFileCloseMime</STRONG> (Thumb, 82 bytes, Stack size 16 bytes, ufileinterface.o(.text))
<BR><BR>[Stack]<UL><LI>Max Depth = 96 + Unknown Stack Size
<LI>Call Chain = uFileCloseMime &rArr; fnWriteBytesFlash &rArr; fnFlashCommand
</UL>
<BR>[Calls]<UL><LI><a href="#[292e1e8]">&gt;&gt;</a>&nbsp;&nbsp;&nbsp;fnWriteBytesFlash
<LI><a href="#[2e1c778]">&gt;&gt;</a>&nbsp;&nbsp;&nbsp;__aeabi_memcpy (via Veneer)
</UL>
<BR>[Called By]<UL><LI><a href="#[292f358]">&gt;&gt;</a>&nbsp;&nbsp;&nbsp;fnSaveUpload
</UL>

<P><STRONG><a name="[292e3e0]"></a>uFileErase</STRONG> (Thumb, 20 bytes, Stack size 8 bytes, ufileinterface.o(.text))
<BR><BR>[Stack]<UL><LI>Max Depth = 72 + Unknown Stack Size
<LI>Call Chain = uFileErase &rArr; fnEraseFlashSector &rArr; fnFlashCommand
</UL>
<BR>[Calls]<UL><LI><a href="#[292e278]">&gt;&gt;</a>&nbsp;&nbsp;&nbsp;fnEraseFlashSector
</UL>
<BR>[Called By]<UL><LI><a href="#[292f118]">&gt;&gt;</a>&nbsp;&nbsp;&nbsp;uFileWrite
</UL>

<P><STRONG><a name="[292e398]"></a>uGetFileLength</STRONG> (Thumb, 46 bytes, Stack size 16 bytes, ufileinterface.o(.text))
<BR><BR>[Stack]<UL><LI>Max Depth = 24<LI>Call Chain = uGetFileLength &rArr; fnGetParsFile
</UL>
<BR>[Calls]<UL><LI><a href="#[292e230]">&gt;&gt;</a>&nbsp;&nbsp;&nbsp;fnGetParsFile
</UL>
<BR>[Called By]<UL><LI><a href="#[292e350]">&gt;&gt;</a>&nbsp;&nbsp;&nbsp;uOpenNextMimeFile
<LI><a href="#[292f118]">&gt;&gt;</a>&nbsp;&nbsp;&nbsp;uFileWrite
</UL>

<P><STRONG><a name="[292e350]"></a>uOpenNextMimeFile</STRONG> (Thumb, 114 bytes, Stack size 40 bytes, ufileinterface.o(.text))
<BR><BR>[Stack]<UL><LI>Max Depth = 64<LI>Call Chain = uOpenNextMimeFile &rArr; uGetFileLength &rArr; fnGetParsFile
</UL>
<BR>[Calls]<UL><LI><a href="#[292e230]">&gt;&gt;</a>&nbsp;&nbsp;&nbsp;fnGetParsFile
<LI><a href="#[292e398]">&gt;&gt;</a>&nbsp;&nbsp;&nbsp;uGetFileLength
</UL>
<BR>[Called By]<UL><LI><a href="#[292f118]">&gt;&gt;</a>&nbsp;&nbsp;&nbsp;uFileWrite
</UL>

<P><STRONG><a name="[292f118]"></a>uFileWrite</STRONG> (Thumb, 250 bytes, Stack size 48 bytes, ufileinterface.o(.text))
<BR><BR>[Stack]<UL><LI>Max Depth = 128 + Unknown Stack Size
<LI>Call Chain = uFileWrite &rArr; fnWriteBytesFlash &rArr; fnFlashCommand
</UL>
<BR>[Calls]<UL><LI><a href="#[292e1e8]">&gt;&gt;</a>&nbsp;&nbsp;&nbsp;fnWriteBytesFlash
<LI><a href="#[292e350]">&gt;&gt;</a>&nbsp;&nbsp;&nbsp;uOpenNextMimeFile
<LI><a href="#[292e398]">&gt;&gt;</a>&nbsp;&nbsp;&nbsp;uGetFileLength
<LI><a href="#[292e3e0]">&gt;&gt;</a>&nbsp;&nbsp;&nbsp;uFileErase
<LI><a href="#[2e1c778]">&gt;&gt;</a>&nbsp;&nbsp;&nbsp;__aeabi_memcpy (via Veneer)
<LI><a href="#[2e1c928]">&gt;&gt;</a>&nbsp;&nbsp;&nbsp;__aeabi_memset (via Veneer)
</UL>
<BR>[Called By]<UL><LI><a href="#[292f358]">&gt;&gt;</a>&nbsp;&nbsp;&nbsp;fnSaveUpload
</UL>

<P><STRONG><a name="[28c1b10]"></a>fnInitFlashDriver</STRONG> (Thumb, 20 bytes, Stack size 8 bytes, utasker_lpc23xx.o(.text))
<BR><BR>[Stack]<UL><LI>Max Depth = 8 + Unknown Stack Size
<LI>Call Chain = fnInitFlashDriver
</UL>
<BR>[Calls]<UL><LI><a href="#[2e1c928]">&gt;&gt;</a>&nbsp;&nbsp;&nbsp;__aeabi_memset (via Veneer)
</UL>
<BR>[Called By]<UL><LI><a href="#[28c1d98]">&gt;&gt;</a>&nbsp;&nbsp;&nbsp;hardware_init
</UL>

<P><STRONG><a name="[292e278]"></a>fnEraseFlashSector</STRONG> (Thumb, 16 bytes, Stack size 8 bytes, utasker_lpc23xx.o(.text))
<BR><BR>[Stack]<UL><LI>Max Depth = 64 + Unknown Stack Size
<LI>Call Chain = fnEraseFlashSector &rArr; fnFlashCommand
</UL>
<BR>[Calls]<UL><LI><a href="#[292d880]">&gt;&gt;</a>&nbsp;&nbsp;&nbsp;fnFlashCommand
</UL>
<BR>[Called By]<UL><LI><a href="#[28c1b58]">&gt;&gt;</a>&nbsp;&nbsp;&nbsp;fnClearUploadSpace
<LI><a href="#[292e3e0]">&gt;&gt;</a>&nbsp;&nbsp;&nbsp;uFileErase
</UL>

<P><STRONG><a name="[28c1b58]"></a>fnClearUploadSpace</STRONG> (Thumb, 58 bytes, Stack size 8 bytes, utasker_lpc23xx.o(.text))
<BR><BR>[Stack]<UL><LI>Max Depth = 72 + Unknown Stack Size
<LI>Call Chain = fnClearUploadSpace &rArr; fnEraseFlashSector &rArr; fnFlashCommand
</UL>
<BR>[Calls]<UL><LI><a href="#[292e278]">&gt;&gt;</a>&nbsp;&nbsp;&nbsp;fnEraseFlashSector
</UL>
<BR>[Called By]<UL><LI><a href="#[28c1d98]">&gt;&gt;</a>&nbsp;&nbsp;&nbsp;hardware_init
</UL>

<P><STRONG><a name="[292e230]"></a>fnGetParsFile</STRONG> (Thumb, 14 bytes, Stack size 8 bytes, utasker_lpc23xx.o(.text))
<BR><BR>[Stack]<UL><LI>Max Depth = 8<LI>Call Chain = fnGetParsFile
</UL>
<BR>[Calls]<UL><LI><a href="#[2e1c778]">&gt;&gt;</a>&nbsp;&nbsp;&nbsp;__aeabi_memcpy (via Veneer)
</UL>
<BR>[Called By]<UL><LI><a href="#[292e350]">&gt;&gt;</a>&nbsp;&nbsp;&nbsp;uOpenNextMimeFile
<LI><a href="#[292e398]">&gt;&gt;</a>&nbsp;&nbsp;&nbsp;uGetFileLength
</UL>

<P><STRONG><a name="[292e1e8]"></a>fnWriteBytesFlash</STRONG> (Thumb, 122 bytes, Stack size 24 bytes, utasker_lpc23xx.o(.text))
<BR><BR>[Stack]<UL><LI>Max Depth = 80 + Unknown Stack Size
<LI>Call Chain = fnWriteBytesFlash &rArr; fnFlashCommand
</UL>
<BR>[Calls]<UL><LI><a href="#[292d880]">&gt;&gt;</a>&nbsp;&nbsp;&nbsp;fnFlashCommand
<LI><a href="#[2e1c778]">&gt;&gt;</a>&nbsp;&nbsp;&nbsp;__aeabi_memcpy (via Veneer)
<LI><a href="#[2e1c928]">&gt;&gt;</a>&nbsp;&nbsp;&nbsp;__aeabi_memset (via Veneer)
</UL>
<BR>[Called By]<UL><LI><a href="#[292f118]">&gt;&gt;</a>&nbsp;&nbsp;&nbsp;uFileWrite
<LI><a href="#[292f160]">&gt;&gt;</a>&nbsp;&nbsp;&nbsp;uFileCloseMime
</UL>

<P><STRONG><a name="[28cfa00]"></a>write_all</STRONG> (Thumb, 1622 bytes, Stack size 1544 bytes, app_flash.o(.text))
<BR><BR>[Stack]<UL><LI>Max Depth = 1632 + Unknown Stack Size
<LI>Call Chain = write_all &rArr; atoi &rArr; strtol &rArr; _strtoul
</UL>
<BR>[Calls]<UL><LI><a href="#[d241c8]">&gt;&gt;</a>&nbsp;&nbsp;&nbsp;K_OS_Enable_Interrupts (via Veneer)
<LI><a href="#[d24210]">&gt;&gt;</a>&nbsp;&nbsp;&nbsp;K_OS_Disable_Interrupts (via Veneer)
<LI><a href="#[2922100]">&gt;&gt;</a>&nbsp;&nbsp;&nbsp;setVBTableToFlash
<LI><a href="#[29221d8]">&gt;&gt;</a>&nbsp;&nbsp;&nbsp;_fl_write
<LI><a href="#[2e1b9f8]">&gt;&gt;</a>&nbsp;&nbsp;&nbsp;strlen
<LI><a href="#[2e1c028]">&gt;&gt;</a>&nbsp;&nbsp;&nbsp;__aeabi_memclr4 (via Veneer)
<LI><a href="#[2e1c778]">&gt;&gt;</a>&nbsp;&nbsp;&nbsp;__aeabi_memcpy (via Veneer)
<LI><a href="#[2e1d120]">&gt;&gt;</a>&nbsp;&nbsp;&nbsp;atoi
<LI><a href="#[2e1d530]">&gt;&gt;</a>&nbsp;&nbsp;&nbsp;__1sprintf
</UL>
<BR>[Called By]<UL><LI><a href="#[d24330]">&gt;&gt;</a>&nbsp;&nbsp;&nbsp;mn_app_server_idle
<LI><a href="#[28997a8]">&gt;&gt;</a>&nbsp;&nbsp;&nbsp;post_updatedevparam
<LI><a href="#[2899880]">&gt;&gt;</a>&nbsp;&nbsp;&nbsp;post_smtpsnmp
<LI><a href="#[2899910]">&gt;&gt;</a>&nbsp;&nbsp;&nbsp;post_serial
<LI><a href="#[28999a0]">&gt;&gt;</a>&nbsp;&nbsp;&nbsp;post_security
<LI><a href="#[2899b08]">&gt;&gt;</a>&nbsp;&nbsp;&nbsp;post_packing
<LI><a href="#[2899b98]">&gt;&gt;</a>&nbsp;&nbsp;&nbsp;post_multihost
<LI><a href="#[2899c28]">&gt;&gt;</a>&nbsp;&nbsp;&nbsp;post_gpio
<LI><a href="#[2899d00]">&gt;&gt;</a>&nbsp;&nbsp;&nbsp;post_check
<LI><a href="#[2899d48]">&gt;&gt;</a>&nbsp;&nbsp;&nbsp;post_change_serial
<LI><a href="#[2899d90]">&gt;&gt;</a>&nbsp;&nbsp;&nbsp;post_change_login
<LI><a href="#[2899dd8]">&gt;&gt;</a>&nbsp;&nbsp;&nbsp;post_change_admin
<LI><a href="#[2899e20]">&gt;&gt;</a>&nbsp;&nbsp;&nbsp;post_bridge
<LI><a href="#[2899e68]">&gt;&gt;</a>&nbsp;&nbsp;&nbsp;post_alarm5
<LI><a href="#[2899eb0]">&gt;&gt;</a>&nbsp;&nbsp;&nbsp;post_alarm4
<LI><a href="#[2899ef8]">&gt;&gt;</a>&nbsp;&nbsp;&nbsp;post_alarm3
<LI><a href="#[2899f40]">&gt;&gt;</a>&nbsp;&nbsp;&nbsp;post_alarm2
<LI><a href="#[2899f88]">&gt;&gt;</a>&nbsp;&nbsp;&nbsp;post_alarm1
<LI><a href="#[289a1c8]">&gt;&gt;</a>&nbsp;&nbsp;&nbsp;network_func
<LI><a href="#[28c1ba0]">&gt;&gt;</a>&nbsp;&nbsp;&nbsp;flash_write_default
<LI><a href="#[28cfe80]">&gt;&gt;</a>&nbsp;&nbsp;&nbsp;mn_port2002_process_packet
<LI><a href="#[28d60f8]">&gt;&gt;</a>&nbsp;&nbsp;&nbsp;show_prompt
</UL>

<P><STRONG><a name="[29222b0]"></a>assume_defaults</STRONG> (Thumb, 762 bytes, Stack size 24 bytes, app_flash.o(.text))
<BR><BR>[Stack]<UL><LI>Max Depth = 56 + Unknown Stack Size
<LI>Call Chain = assume_defaults &rArr; __1sprintf
</UL>
<BR>[Calls]<UL><LI><a href="#[d241c8]">&gt;&gt;</a>&nbsp;&nbsp;&nbsp;K_OS_Enable_Interrupts (via Veneer)
<LI><a href="#[d24210]">&gt;&gt;</a>&nbsp;&nbsp;&nbsp;K_OS_Disable_Interrupts (via Veneer)
<LI><a href="#[2e1b478]">&gt;&gt;</a>&nbsp;&nbsp;&nbsp;strcat
<LI><a href="#[2e1bd78]">&gt;&gt;</a>&nbsp;&nbsp;&nbsp;strcpy
<LI><a href="#[2e1c530]">&gt;&gt;</a>&nbsp;&nbsp;&nbsp;__aeabi_memclr (via Veneer)
<LI><a href="#[2e1c928]">&gt;&gt;</a>&nbsp;&nbsp;&nbsp;__aeabi_memset (via Veneer)
<LI><a href="#[2e1d530]">&gt;&gt;</a>&nbsp;&nbsp;&nbsp;__1sprintf
</UL>
<BR>[Called By]<UL><LI><a href="#[28c1768]">&gt;&gt;</a>&nbsp;&nbsp;&nbsp;read_flash
<LI><a href="#[28c1ba0]">&gt;&gt;</a>&nbsp;&nbsp;&nbsp;flash_write_default
</UL>

<P><STRONG><a name="[28c1ba0]"></a>flash_write_default</STRONG> (Thumb, 24 bytes, Stack size 8 bytes, app_flash.o(.text))
<BR><BR>[Stack]<UL><LI>Max Depth = 1640 + Unknown Stack Size
<LI>Call Chain = flash_write_default &rArr; write_all &rArr; atoi &rArr; strtol &rArr; _strtoul
</UL>
<BR>[Calls]<UL><LI><a href="#[d241c8]">&gt;&gt;</a>&nbsp;&nbsp;&nbsp;K_OS_Enable_Interrupts (via Veneer)
<LI><a href="#[d24210]">&gt;&gt;</a>&nbsp;&nbsp;&nbsp;K_OS_Disable_Interrupts (via Veneer)
<LI><a href="#[28cfa00]">&gt;&gt;</a>&nbsp;&nbsp;&nbsp;write_all
<LI><a href="#[29222b0]">&gt;&gt;</a>&nbsp;&nbsp;&nbsp;assume_defaults
</UL>
<BR>[Called By]<UL><LI><a href="#[2899ac0]">&gt;&gt;</a>&nbsp;&nbsp;&nbsp;post_rdef
<LI><a href="#[28c1d98]">&gt;&gt;</a>&nbsp;&nbsp;&nbsp;hardware_init
<LI><a href="#[28cfe80]">&gt;&gt;</a>&nbsp;&nbsp;&nbsp;mn_port2002_process_packet
<LI><a href="#[28d60f8]">&gt;&gt;</a>&nbsp;&nbsp;&nbsp;show_prompt
</UL>

<P><STRONG><a name="[28c1768]"></a>read_flash</STRONG> (Thumb, 1740 bytes, Stack size 1544 bytes, app_flash.o(.text))
<BR><BR>[Stack]<UL><LI>Max Depth = 1632 + Unknown Stack Size
<LI>Call Chain = read_flash &rArr; atoi &rArr; strtol &rArr; _strtoul
</UL>
<BR>[Calls]<UL><LI><a href="#[d241c8]">&gt;&gt;</a>&nbsp;&nbsp;&nbsp;K_OS_Enable_Interrupts (via Veneer)
<LI><a href="#[d24210]">&gt;&gt;</a>&nbsp;&nbsp;&nbsp;K_OS_Disable_Interrupts (via Veneer)
<LI><a href="#[2922148]">&gt;&gt;</a>&nbsp;&nbsp;&nbsp;getVBTableFromFlash
<LI><a href="#[2922190]">&gt;&gt;</a>&nbsp;&nbsp;&nbsp;atoint
<LI><a href="#[2922220]">&gt;&gt;</a>&nbsp;&nbsp;&nbsp;_fl_read
<LI><a href="#[29222b0]">&gt;&gt;</a>&nbsp;&nbsp;&nbsp;assume_defaults
<LI><a href="#[2e1c028]">&gt;&gt;</a>&nbsp;&nbsp;&nbsp;__aeabi_memclr4 (via Veneer)
<LI><a href="#[2e1c778]">&gt;&gt;</a>&nbsp;&nbsp;&nbsp;__aeabi_memcpy (via Veneer)
<LI><a href="#[2e1d120]">&gt;&gt;</a>&nbsp;&nbsp;&nbsp;atoi
</UL>
<BR>[Called By]<UL><LI><a href="#[28c1d98]">&gt;&gt;</a>&nbsp;&nbsp;&nbsp;hardware_init
</UL>

<P><STRONG><a name="[28774a0]"></a>mn_arp_update</STRONG> (Thumb, 78 bytes, Stack size 16 bytes, arp.o(.text))
<BR><BR>[Stack]<UL><LI>Max Depth = 36 + Unknown Stack Size
<LI>Call Chain = mn_arp_update &rArr; mn_arp_search_entry &rArr; memcmp
</UL>
<BR>[Calls]<UL><LI><a href="#[2878b20]">&gt;&gt;</a>&nbsp;&nbsp;&nbsp;mn_arp_get_entry
<LI><a href="#[2878b68]">&gt;&gt;</a>&nbsp;&nbsp;&nbsp;mn_arp_search_entry
</UL>
<BR>[Called By]<UL><LI><a href="#[2877218]">&gt;&gt;</a>&nbsp;&nbsp;&nbsp;mn_ip_get_pkt
<LI><a href="#[2877458]">&gt;&gt;</a>&nbsp;&nbsp;&nbsp;mn_arp_process_packet
</UL>

<P><STRONG><a name="[2877458]"></a>mn_arp_process_packet</STRONG> (Thumb, 540 bytes, Stack size 56 bytes, arp.o(.text))
<BR><BR>[Stack]<UL><LI>Max Depth = 148 + Unknown Stack Size
<LI>Call Chain = mn_arp_process_packet &rArr; mn_open_socket &rArr; mn_find_socket &rArr; memcmp
</UL>
<BR>[Calls]<UL><LI><a href="#[2877020]">&gt;&gt;</a>&nbsp;&nbsp;&nbsp;start_arp_packet
<LI><a href="#[2877068]">&gt;&gt;</a>&nbsp;&nbsp;&nbsp;mn_transmit_ready
<LI><a href="#[28770f8]">&gt;&gt;</a>&nbsp;&nbsp;&nbsp;mn_send_byte
<LI><a href="#[2877188]">&gt;&gt;</a>&nbsp;&nbsp;&nbsp;mn_recv_byte
<LI><a href="#[28771d0]">&gt;&gt;</a>&nbsp;&nbsp;&nbsp;mn_open_socket
<LI><a href="#[28772f0]">&gt;&gt;</a>&nbsp;&nbsp;&nbsp;mn_close_packet
<LI><a href="#[2877338]">&gt;&gt;</a>&nbsp;&nbsp;&nbsp;mn_abort
<LI><a href="#[28774a0]">&gt;&gt;</a>&nbsp;&nbsp;&nbsp;mn_arp_update
</UL>
<BR>[Called By]<UL><LI><a href="#[286dcc0]">&gt;&gt;</a>&nbsp;&nbsp;&nbsp;ether_recv_header
</UL>

<P><STRONG><a name="[2877410]"></a>mn_arp_init</STRONG> (Thumb, 16 bytes, Stack size 8 bytes, arp.o(.text))
<BR><BR>[Stack]<UL><LI>Max Depth = 8<LI>Call Chain = mn_arp_init
</UL>
<BR>[Calls]<UL><LI><a href="#[2e1c530]">&gt;&gt;</a>&nbsp;&nbsp;&nbsp;__aeabi_memclr (via Veneer)
</UL>
<BR>[Called By]<UL><LI><a href="#[28c18d0]">&gt;&gt;</a>&nbsp;&nbsp;&nbsp;mn_init
</UL>

<P><STRONG><a name="[28773c8]"></a>mn_arp_update_timer</STRONG> (Thumb, 42 bytes, Stack size 4 bytes, arp.o(.text))
<BR><BR>[Stack]<UL><LI>Max Depth = 4<LI>Call Chain = mn_arp_update_timer
</UL>
<BR>[Called By]<UL><LI><a href="#[2a4cfc0]">&gt;&gt;</a>&nbsp;&nbsp;&nbsp;timer_isr
</UL>

<P><STRONG><a name="[2877380]"></a>mn_arp_lookup</STRONG> (Thumb, 160 bytes, Stack size 48 bytes, arp.o(.text))
<BR><BR>[Stack]<UL><LI>Max Depth = 236 + Unknown Stack Size
<LI>Call Chain = mn_arp_lookup &rArr; mn_ip_get_pkt &rArr; ether_recv_header &rArr; mn_arp_process_packet &rArr; mn_open_socket &rArr; mn_find_socket &rArr; memcmp
</UL>
<BR>[Calls]<UL><LI><a href="#[28770b0]">&gt;&gt;</a>&nbsp;&nbsp;&nbsp;mn_timer_expired
<LI><a href="#[2877140]">&gt;&gt;</a>&nbsp;&nbsp;&nbsp;mn_reset_timer
<LI><a href="#[28771d0]">&gt;&gt;</a>&nbsp;&nbsp;&nbsp;mn_open_socket
<LI><a href="#[2877218]">&gt;&gt;</a>&nbsp;&nbsp;&nbsp;mn_ip_get_pkt
<LI><a href="#[2877260]">&gt;&gt;</a>&nbsp;&nbsp;&nbsp;mn_ip_discard_packet
<LI><a href="#[2877338]">&gt;&gt;</a>&nbsp;&nbsp;&nbsp;mn_abort
<LI><a href="#[2878ad8]">&gt;&gt;</a>&nbsp;&nbsp;&nbsp;mn_arp_send_request
<LI><a href="#[2878b68]">&gt;&gt;</a>&nbsp;&nbsp;&nbsp;mn_arp_search_entry
</UL>
<BR>[Called By]<UL><LI><a href="#[286dc78]">&gt;&gt;</a>&nbsp;&nbsp;&nbsp;mn_ether_start_packet
</UL>

<P><STRONG><a name="[2870ea0]"></a>mn_dhcp_init</STRONG> (Thumb, 32 bytes, Stack size 8 bytes, dhcp.o(.text))
<BR><BR>[Stack]<UL><LI>Max Depth = 12<LI>Call Chain = mn_dhcp_init &rArr; __aeabi_memclr4
</UL>
<BR>[Calls]<UL><LI><a href="#[2e1c028]">&gt;&gt;</a>&nbsp;&nbsp;&nbsp;__aeabi_memclr4 (via Veneer)
</UL>
<BR>[Called By]<UL><LI><a href="#[28c18d0]">&gt;&gt;</a>&nbsp;&nbsp;&nbsp;mn_init
</UL>

<P><STRONG><a name="[28c1918]"></a>mn_dhcp_start</STRONG> (Thumb, 46 bytes, Stack size 8 bytes, dhcp.o(.text))
<BR><BR>[Stack]<UL><LI>Max Depth = 1848 + Unknown Stack Size
<LI>Call Chain = mn_dhcp_start &rArr; mn_dhcp_xchg_packet &rArr; mn_recv_wait &rArr; mn_tcp_recv &rArr; mn_app_process_packet &rArr; mn_port2002_process_packet &rArr; flash_write_default &rArr; write_all &rArr; atoi &rArr; strtol &rArr; _strtoul
</UL>
<BR>[Calls]<UL><LI><a href="#[2872640]">&gt;&gt;</a>&nbsp;&nbsp;&nbsp;mn_dhcp_xchg_packet
</UL>
<BR>[Called By]<UL><LI><a href="#[28c1de0]">&gt;&gt;</a>&nbsp;&nbsp;&nbsp;main_task
</UL>

<P><STRONG><a name="[2870e58]"></a>mn_dhcp_release</STRONG> (Thumb, 30 bytes, Stack size 8 bytes, dhcp.o(.text))
<BR><BR>[Stack]<UL><LI>Max Depth = 1848 + Unknown Stack Size
<LI>Call Chain = mn_dhcp_release &rArr; mn_dhcp_xchg_packet &rArr; mn_recv_wait &rArr; mn_tcp_recv &rArr; mn_app_process_packet &rArr; mn_port2002_process_packet &rArr; flash_write_default &rArr; write_all &rArr; atoi &rArr; strtol &rArr; _strtoul
</UL>
<BR>[Calls]<UL><LI><a href="#[2872640]">&gt;&gt;</a>&nbsp;&nbsp;&nbsp;mn_dhcp_xchg_packet
</UL>
<BR>[Called By]<UL><LI><a href="#[28c1960]">&gt;&gt;</a>&nbsp;&nbsp;&nbsp;mn_close_interface
</UL>

<P><STRONG><a name="[2870e10]"></a>mn_dhcp_renew</STRONG> (Thumb, 80 bytes, Stack size 8 bytes, dhcp.o(.text))
<BR><BR>[Stack]<UL><LI>Max Depth = 1848 + Unknown Stack Size
<LI>Call Chain = mn_dhcp_renew &rArr; mn_dhcp_xchg_packet &rArr; mn_recv_wait &rArr; mn_tcp_recv &rArr; mn_app_process_packet &rArr; mn_port2002_process_packet &rArr; flash_write_default &rArr; write_all &rArr; atoi &rArr; strtol &rArr; _strtoul
</UL>
<BR>[Calls]<UL><LI><a href="#[2872640]">&gt;&gt;</a>&nbsp;&nbsp;&nbsp;mn_dhcp_xchg_packet
</UL>
<BR>[Called By]<UL><LI><a href="#[28c1840]">&gt;&gt;</a>&nbsp;&nbsp;&nbsp;mn_server
<LI><a href="#[2a5dfe0]">&gt;&gt;</a>&nbsp;&nbsp;&nbsp;mn_send
</UL>

<P><STRONG><a name="[2870dc8]"></a>mn_dhcp_update_timer</STRONG> (Thumb, 82 bytes, Stack size 0 bytes, dhcp.o(.text))
<BR><BR>[Called By]<UL><LI><a href="#[2a4cfc0]">&gt;&gt;</a>&nbsp;&nbsp;&nbsp;timer_isr
</UL>

<P><STRONG><a name="[286dd08]"></a>mn_ether_init</STRONG> (Thumb, 12 bytes, Stack size 8 bytes, ethernet.o(.text))
<BR><BR>[Stack]<UL><LI>Max Depth = 120 + Unknown Stack Size
<LI>Call Chain = mn_ether_init &rArr; lpc2368_init &rArr; phy_init &rArr; mii_read &rArr; mn_reset_timer &rArr; mn_get_timer_tick
</UL>
<BR>[Calls]<UL><LI><a href="#[286dc30]">&gt;&gt;</a>&nbsp;&nbsp;&nbsp;lpc2368_init
</UL>
<BR>[Called By]<UL><LI><a href="#[28c18d0]">&gt;&gt;</a>&nbsp;&nbsp;&nbsp;mn_init
</UL>

<P><STRONG><a name="[286dcc0]"></a>ether_recv_header</STRONG> (Thumb, 118 bytes, Stack size 24 bytes, ethernet.o(.text))
<BR><BR>[Stack]<UL><LI>Max Depth = 172 + Unknown Stack Size
<LI>Call Chain = ether_recv_header &rArr; mn_arp_process_packet &rArr; mn_open_socket &rArr; mn_find_socket &rArr; memcmp
</UL>
<BR>[Calls]<UL><LI><a href="#[2877188]">&gt;&gt;</a>&nbsp;&nbsp;&nbsp;mn_recv_byte
<LI><a href="#[2877260]">&gt;&gt;</a>&nbsp;&nbsp;&nbsp;mn_ip_discard_packet
<LI><a href="#[2877458]">&gt;&gt;</a>&nbsp;&nbsp;&nbsp;mn_arp_process_packet
</UL>
<BR>[Called By]<UL><LI><a href="#[2877218]">&gt;&gt;</a>&nbsp;&nbsp;&nbsp;mn_ip_get_pkt
</UL>

<P><STRONG><a name="[286dc78]"></a>mn_ether_start_packet</STRONG> (Thumb, 208 bytes, Stack size 16 bytes, ethernet.o(.text))
<BR><BR>[Stack]<UL><LI>Max Depth = 252 + Unknown Stack Size
<LI>Call Chain = mn_ether_start_packet &rArr; mn_arp_lookup &rArr; mn_ip_get_pkt &rArr; ether_recv_header &rArr; mn_arp_process_packet &rArr; mn_open_socket &rArr; mn_find_socket &rArr; memcmp
</UL>
<BR>[Calls]<UL><LI><a href="#[286f2f8]">&gt;&gt;</a>&nbsp;&nbsp;&nbsp;same_net_number
<LI><a href="#[286f340]">&gt;&gt;</a>&nbsp;&nbsp;&nbsp;sendHWAddr
<LI><a href="#[2877068]">&gt;&gt;</a>&nbsp;&nbsp;&nbsp;mn_transmit_ready
<LI><a href="#[28770f8]">&gt;&gt;</a>&nbsp;&nbsp;&nbsp;mn_send_byte
<LI><a href="#[2877380]">&gt;&gt;</a>&nbsp;&nbsp;&nbsp;mn_arp_lookup
</UL>
<BR>[Called By]<UL><LI><a href="#[2a3f340]">&gt;&gt;</a>&nbsp;&nbsp;&nbsp;mn_ip_start_packet
</UL>

<P><STRONG><a name="[2877020]"></a>start_arp_packet</STRONG> (Thumb, 60 bytes, Stack size 8 bytes, ethernet.o(.text))
<BR><BR>[Stack]<UL><LI>Max Depth = 24<LI>Call Chain = start_arp_packet &rArr; sendHWAddr
</UL>
<BR>[Calls]<UL><LI><a href="#[286f340]">&gt;&gt;</a>&nbsp;&nbsp;&nbsp;sendHWAddr
<LI><a href="#[28770f8]">&gt;&gt;</a>&nbsp;&nbsp;&nbsp;mn_send_byte
</UL>
<BR>[Called By]<UL><LI><a href="#[2877458]">&gt;&gt;</a>&nbsp;&nbsp;&nbsp;mn_arp_process_packet
<LI><a href="#[2878ad8]">&gt;&gt;</a>&nbsp;&nbsp;&nbsp;mn_arp_send_request
</UL>

<P><STRONG><a name="[28620a0]"></a>mn_http_server_send</STRONG> (Thumb, 104 bytes, Stack size 24 bytes, http.o(.text))
<BR><BR>[Stack]<UL><LI>Max Depth = 412 + Unknown Stack Size
<LI>Call Chain = mn_http_server_send &rArr; mn_tcp_close &rArr; tcp_send_nodata_pkt &rArr; tcp_send_nodata_hdr &rArr; tcp_send_header &rArr; mn_ip_send_header &rArr; mn_ip_start_packet &rArr; mn_ether_start_packet &rArr; mn_arp_lookup &rArr; mn_ip_get_pkt &rArr; ether_recv_header &rArr; mn_arp_process_packet &rArr; mn_open_socket &rArr; mn_find_socket &rArr; memcmp
</UL>
<BR>[Calls]<UL><LI><a href="#[28672c0]">&gt;&gt;</a>&nbsp;&nbsp;&nbsp;http_clear_in_use_flag
<LI><a href="#[2877338]">&gt;&gt;</a>&nbsp;&nbsp;&nbsp;mn_abort
<LI><a href="#[28cfc40]">&gt;&gt;</a>&nbsp;&nbsp;&nbsp;page_send_close
<LI><a href="#[28cfe38]">&gt;&gt;</a>&nbsp;&nbsp;&nbsp;mn_tcp_close
</UL>
<BR>[Called By]<UL><LI><a href="#[2862058]">&gt;&gt;</a>&nbsp;&nbsp;&nbsp;mn_http_server_recv
<LI><a href="#[28c1840]">&gt;&gt;</a>&nbsp;&nbsp;&nbsp;mn_server
</UL>

<P><STRONG><a name="[2862058]"></a>mn_http_server_recv</STRONG> (Thumb, 62 bytes, Stack size 8 bytes, http.o(.text))
<BR><BR>[Stack]<UL><LI>Max Depth = 420 + Unknown Stack Size
<LI>Call Chain = mn_http_server_recv &rArr; mn_http_server_send &rArr; mn_tcp_close &rArr; tcp_send_nodata_pkt &rArr; tcp_send_nodata_hdr &rArr; tcp_send_header &rArr; mn_ip_send_header &rArr; mn_ip_start_packet &rArr; mn_ether_start_packet &rArr; mn_arp_lookup &rArr; mn_ip_get_pkt &rArr; ether_recv_header &rArr; mn_arp_process_packet &rArr; mn_open_socket &rArr; mn_find_socket &rArr; memcmp
</UL>
<BR>[Calls]<UL><LI><a href="#[28620a0]">&gt;&gt;</a>&nbsp;&nbsp;&nbsp;mn_http_server_send
</UL>
<BR>[Called By]<UL><LI><a href="#[28c1840]">&gt;&gt;</a>&nbsp;&nbsp;&nbsp;mn_server
</UL>

<P><STRONG><a name="[2862010]"></a>mn_http_server_set_flag</STRONG> (Thumb, 30 bytes, Stack size 0 bytes, http.o(.text))
<BR><BR>[Called By]<UL><LI><a href="#[28c1840]">&gt;&gt;</a>&nbsp;&nbsp;&nbsp;mn_server
</UL>

<P><STRONG><a name="[2861fc8]"></a>mn_http_init</STRONG> (Thumb, 24 bytes, Stack size 8 bytes, http.o(.text))
<BR><BR>[Stack]<UL><LI>Max Depth = 12<LI>Call Chain = mn_http_init &rArr; __aeabi_memclr4
</UL>
<BR>[Calls]<UL><LI><a href="#[2e1c028]">&gt;&gt;</a>&nbsp;&nbsp;&nbsp;__aeabi_memclr4 (via Veneer)
</UL>
<BR>[Called By]<UL><LI><a href="#[2861f38]">&gt;&gt;</a>&nbsp;&nbsp;&nbsp;check_http_parse
<LI><a href="#[28c18d0]">&gt;&gt;</a>&nbsp;&nbsp;&nbsp;mn_init
</UL>

<P><STRONG><a name="[2861f80]"></a>mn_http_close_file</STRONG> (Thumb, 52 bytes, Stack size 16 bytes, http.o(.text))
<BR><BR>[Stack]<UL><LI>Max Depth = 16<LI>Call Chain = mn_http_close_file
</UL>
<BR>[Calls]<UL><LI><a href="#[28cfc40]">&gt;&gt;</a>&nbsp;&nbsp;&nbsp;page_send_close
</UL>
<BR>[Called By]<UL><LI><a href="#[2861f38]">&gt;&gt;</a>&nbsp;&nbsp;&nbsp;check_http_parse
<LI><a href="#[2877338]">&gt;&gt;</a>&nbsp;&nbsp;&nbsp;mn_abort
</UL>

<P><STRONG><a name="[2861f38]"></a>check_http_parse</STRONG> (Thumb, 134 bytes, Stack size 24 bytes, http.o(.text))
<BR><BR>[Stack]<UL><LI>Max Depth = 56 + Unknown Stack Size
<LI>Call Chain = check_http_parse &rArr; mn_abort &rArr; mn_http_close_file
</UL>
<BR>[Calls]<UL><LI><a href="#[2861f80]">&gt;&gt;</a>&nbsp;&nbsp;&nbsp;mn_http_close_file
<LI><a href="#[2861fc8]">&gt;&gt;</a>&nbsp;&nbsp;&nbsp;mn_http_init
<LI><a href="#[28770b0]">&gt;&gt;</a>&nbsp;&nbsp;&nbsp;mn_timer_expired
<LI><a href="#[2877338]">&gt;&gt;</a>&nbsp;&nbsp;&nbsp;mn_abort
</UL>
<BR>[Called By]<UL><LI><a href="#[28c1840]">&gt;&gt;</a>&nbsp;&nbsp;&nbsp;mn_server
</UL>

<P><STRONG><a name="[d23c70]"></a>mn_http_init_recv</STRONG> (Thumb, 126 bytes, Stack size 16 bytes, http.o(.text))
<BR><BR>[Stack]<UL><LI>Max Depth = 40 + Unknown Stack Size
<LI>Call Chain = mn_http_init_recv &rArr; mn_reset_timer &rArr; mn_get_timer_tick
</UL>
<BR>[Calls]<UL><LI><a href="#[2877140]">&gt;&gt;</a>&nbsp;&nbsp;&nbsp;mn_reset_timer
</UL>
<BR>[Called By]<UL><LI><a href="#[d24528]">&gt;&gt;</a>&nbsp;&nbsp;&nbsp;mn_app_init_recv
</UL>

<P><STRONG><a name="[d23b98]"></a>mn_http_recv_byte</STRONG> (Thumb, 560 bytes, Stack size 40 bytes, http.o(.text))
<BR><BR>[Stack]<UL><LI>Max Depth = 64<LI>Call Chain = mn_http_recv_byte &rArr; mn_strnicmp_cb
</UL>
<BR>[Calls]<UL><LI><a href="#[2861b90]">&gt;&gt;</a>&nbsp;&nbsp;&nbsp;mn_strnicmp_cb
<LI><a href="#[2861d40]">&gt;&gt;</a>&nbsp;&nbsp;&nbsp;mn_atous_long
<LI><a href="#[2861d88]">&gt;&gt;</a>&nbsp;&nbsp;&nbsp;mn_atous
<LI><a href="#[2e19ec8]">&gt;&gt;</a>&nbsp;&nbsp;&nbsp;__ARM_switch8 (via Veneer)
</UL>
<BR>[Called By]<UL><LI><a href="#[d244e0]">&gt;&gt;</a>&nbsp;&nbsp;&nbsp;mn_app_recv_byte
</UL>

<P><STRONG><a name="[2861ef0]"></a>mn_http_set_message</STRONG> (Thumb, 26 bytes, Stack size 8 bytes, http.o(.text))
<BR><BR>[Stack]<UL><LI>Max Depth = 8<LI>Call Chain = mn_http_set_message
</UL>
<BR>[Called By]<UL><LI><a href="#[d23be0]">&gt;&gt;</a>&nbsp;&nbsp;&nbsp;mn_http_process_packet
</UL>

<P><STRONG><a name="[2861ea8]"></a>mn_http_set_file</STRONG> (Thumb, 120 bytes, Stack size 16 bytes, http.o(.text))
<BR><BR>[Stack]<UL><LI>Max Depth = 72 + Unknown Stack Size
<LI>Call Chain = mn_http_set_file &rArr; MakeHTTPHeader &rArr; mn_ustoa
</UL>
<BR>[Calls]<UL><LI><a href="#[2861ab8]">&gt;&gt;</a>&nbsp;&nbsp;&nbsp;mn_vf_open_file
<LI><a href="#[28671a0]">&gt;&gt;</a>&nbsp;&nbsp;&nbsp;MakeHTTPHeader
</UL>
<BR>[Called By]<UL><LI><a href="#[d23be0]">&gt;&gt;</a>&nbsp;&nbsp;&nbsp;mn_http_process_packet
<LI><a href="#[2899520]">&gt;&gt;</a>&nbsp;&nbsp;&nbsp;set_timeout_func
<LI><a href="#[28997a8]">&gt;&gt;</a>&nbsp;&nbsp;&nbsp;post_updatedevparam
<LI><a href="#[28997f0]">&gt;&gt;</a>&nbsp;&nbsp;&nbsp;post_system_admin
<LI><a href="#[2899880]">&gt;&gt;</a>&nbsp;&nbsp;&nbsp;post_smtpsnmp
<LI><a href="#[28998c8]">&gt;&gt;</a>&nbsp;&nbsp;&nbsp;post_setdeviceparam
<LI><a href="#[2899910]">&gt;&gt;</a>&nbsp;&nbsp;&nbsp;post_serial
<LI><a href="#[2899958]">&gt;&gt;</a>&nbsp;&nbsp;&nbsp;post_security_admin
<LI><a href="#[28999a0]">&gt;&gt;</a>&nbsp;&nbsp;&nbsp;post_security
[...]
<LI><a href="#[2b17c70]">&gt;&gt;</a>&nbsp;&nbsp;&nbsp;mn_tcp_open
</UL>

<P><STRONG><a name="[2b3e6b0]"></a>tcp_send_ack</STRONG> (Thumb, 42 bytes, Stack size 24 bytes, tcp.o(.text))
<BR><BR>[Stack]<UL><LI>Max Depth = 388 + Unknown Stack Size
<LI>Call Chain = tcp_send_ack &rArr; tcp_send_nodata_hdr &rArr; tcp_send_header &rArr; mn_ip_send_header &rArr; mn_ip_start_packet &rArr; mn_ether_start_packet &rArr; mn_arp_lookup &rArr; mn_ip_get_pkt &rArr; ether_recv_header &rArr; mn_arp_process_packet &rArr; mn_open_socket &rArr; mn_find_socket &rArr; memcmp
</UL>
<BR>[Calls]<UL><LI><a href="#[28772f0]">&gt;&gt;</a>&nbsp;&nbsp;&nbsp;mn_close_packet
<LI><a href="#[2b3e590]">&gt;&gt;</a>&nbsp;&nbsp;&nbsp;tcp_send_nodata_hdr
</UL>
<BR>[Called By]<UL><LI><a href="#[2adf908]">&gt;&gt;</a>&nbsp;&nbsp;&nbsp;mn_tcp_recv
</UL>

<P><STRONG><a name="[2b3e668]"></a>find_tcp_socket</STRONG> (Thumb, 42 bytes, Stack size 16 bytes, tcp.o(.text))
<BR><BR>[Stack]<UL><LI>Max Depth = 60<LI>Call Chain = find_tcp_socket &rArr; mn_find_socket &rArr; memcmp
</UL>
<BR>[Calls]<UL><LI><a href="#[d23cb8]">&gt;&gt;</a>&nbsp;&nbsp;&nbsp;mn_find_socket
</UL>
<BR>[Called By]<UL><LI><a href="#[2b3e620]">&gt;&gt;</a>&nbsp;&nbsp;&nbsp;tcp_recv_header
</UL>

<P><STRONG><a name="[2b3e620]"></a>tcp_recv_header</STRONG> (Thumb, 706 bytes, Stack size 96 bytes, tcp.o(.text))
<BR><BR>[Stack]<UL><LI>Max Depth = 188 + Unknown Stack Size
<LI>Call Chain = tcp_recv_header &rArr; mn_open_socket &rArr; mn_find_socket &rArr; memcmp
</UL>
<BR>[Calls]<UL><LI><a href="#[d23cb8]">&gt;&gt;</a>&nbsp;&nbsp;&nbsp;mn_find_socket
<LI><a href="#[28771d0]">&gt;&gt;</a>&nbsp;&nbsp;&nbsp;mn_open_socket
<LI><a href="#[2877338]">&gt;&gt;</a>&nbsp;&nbsp;&nbsp;mn_abort
<LI><a href="#[2a3f100]">&gt;&gt;</a>&nbsp;&nbsp;&nbsp;mn_recv_escaped_byte
<LI><a href="#[2b17dd8]">&gt;&gt;</a>&nbsp;&nbsp;&nbsp;mn_reset_inactivity_timer
<LI><a href="#[2b17e20]">&gt;&gt;</a>&nbsp;&nbsp;&nbsp;mn_get_socket_type
<LI><a href="#[2b3e668]">&gt;&gt;</a>&nbsp;&nbsp;&nbsp;find_tcp_socket
</UL>
<BR>[Called By]<UL><LI><a href="#[2adf908]">&gt;&gt;</a>&nbsp;&nbsp;&nbsp;mn_tcp_recv
</UL>

<P><STRONG><a name="[2b3e5d8]"></a>tcp_recv_send</STRONG> (Thumb, 50 bytes, Stack size 16 bytes, tcp.o(.text))
<BR><BR>[Stack]<UL><LI>Max Depth = 1744 + Unknown Stack Size
<LI>Call Chain = tcp_recv_send &rArr; mn_tcp_recv &rArr; mn_app_process_packet &rArr; mn_port2002_process_packet &rArr; flash_write_default &rArr; write_all &rArr; atoi &rArr; strtol &rArr; _strtoul
</UL>
<BR>[Calls]<UL><LI><a href="#[28cfdf0]">&gt;&gt;</a>&nbsp;&nbsp;&nbsp;mn_tcp_send
<LI><a href="#[2a3f268]">&gt;&gt;</a>&nbsp;&nbsp;&nbsp;mn_ip_recv
<LI><a href="#[2adf8c0]">&gt;&gt;</a>&nbsp;&nbsp;&nbsp;mn_udp_recv
<LI><a href="#[2adf908]">&gt;&gt;</a>&nbsp;&nbsp;&nbsp;mn_tcp_recv
</UL>
<BR>[Called By]<UL><LI><a href="#[2b17c28]">&gt;&gt;</a>&nbsp;&nbsp;&nbsp;mn_tcp_shutdown
<LI><a href="#[2b17c70]">&gt;&gt;</a>&nbsp;&nbsp;&nbsp;mn_tcp_open
</UL>

<P><STRONG><a name="[2b3e590]"></a>tcp_send_nodata_hdr</STRONG> (Thumb, 24 bytes, Stack size 8 bytes, tcp.o(.text))
<BR><BR>[Stack]<UL><LI>Max Depth = 364 + Unknown Stack Size
<LI>Call Chain = tcp_send_nodata_hdr &rArr; tcp_send_header &rArr; mn_ip_send_header &rArr; mn_ip_start_packet &rArr; mn_ether_start_packet &rArr; mn_arp_lookup &rArr; mn_ip_get_pkt &rArr; ether_recv_header &rArr; mn_arp_process_packet &rArr; mn_open_socket &rArr; mn_find_socket &rArr; memcmp
</UL>
<BR>[Calls]<UL><LI><a href="#[2b3e740]">&gt;&gt;</a>&nbsp;&nbsp;&nbsp;tcp_send_header
</UL>
<BR>[Called By]<UL><LI><a href="#[2b3e548]">&gt;&gt;</a>&nbsp;&nbsp;&nbsp;tcp_send_nodata_pkt
<LI><a href="#[2b3e6b0]">&gt;&gt;</a>&nbsp;&nbsp;&nbsp;tcp_send_ack
<LI><a href="#[2b3e6f8]">&gt;&gt;</a>&nbsp;&nbsp;&nbsp;tcp_send_syn_close
</UL>

<P><STRONG><a name="[2b3e548]"></a>tcp_send_nodata_pkt</STRONG> (Thumb, 22 bytes, Stack size 8 bytes, tcp.o(.text))
<BR><BR>[Stack]<UL><LI>Max Depth = 372 + Unknown Stack Size
<LI>Call Chain = tcp_send_nodata_pkt &rArr; tcp_send_nodata_hdr &rArr; tcp_send_header &rArr; mn_ip_send_header &rArr; mn_ip_start_packet &rArr; mn_ether_start_packet &rArr; mn_arp_lookup &rArr; mn_ip_get_pkt &rArr; ether_recv_header &rArr; mn_arp_process_packet &rArr; mn_open_socket &rArr; mn_find_socket &rArr; memcmp
</UL>
<BR>[Calls]<UL><LI><a href="#[28772f0]">&gt;&gt;</a>&nbsp;&nbsp;&nbsp;mn_close_packet
<LI><a href="#[2b3e590]">&gt;&gt;</a>&nbsp;&nbsp;&nbsp;tcp_send_nodata_hdr
</UL>
<BR>[Called By]<UL><LI><a href="#[28cfdf0]">&gt;&gt;</a>&nbsp;&nbsp;&nbsp;mn_tcp_send
<LI><a href="#[28cfe38]">&gt;&gt;</a>&nbsp;&nbsp;&nbsp;mn_tcp_close
<LI><a href="#[2adf908]">&gt;&gt;</a>&nbsp;&nbsp;&nbsp;mn_tcp_recv
<LI><a href="#[2b3e4b8]">&gt;&gt;</a>&nbsp;&nbsp;&nbsp;tcp_send_reset
</UL>

<P><STRONG><a name="[2b3e500]"></a>update_unacked_bytes</STRONG> (Thumb, 42 bytes, Stack size 8 bytes, tcp.o(.text))
<BR><BR>[Stack]<UL><LI>Max Depth = 24<LI>Call Chain = update_unacked_bytes &rArr; mn_app_send_complete
</UL>
<BR>[Calls]<UL><LI><a href="#[d24450]">&gt;&gt;</a>&nbsp;&nbsp;&nbsp;mn_app_send_complete
</UL>
<BR>[Called By]<UL><LI><a href="#[2adf908]">&gt;&gt;</a>&nbsp;&nbsp;&nbsp;mn_tcp_recv
</UL>

<P><STRONG><a name="[2b3e4b8]"></a>tcp_send_reset</STRONG> (Thumb, 20 bytes, Stack size 0 bytes, tcp.o(.text))
<BR><BR>[Stack]<UL><LI>Max Depth = 372 + Unknown Stack Size
<LI>Call Chain = tcp_send_reset &rArr; tcp_send_nodata_pkt &rArr; tcp_send_nodata_hdr &rArr; tcp_send_header &rArr; mn_ip_send_header &rArr; mn_ip_start_packet &rArr; mn_ether_start_packet &rArr; mn_arp_lookup &rArr; mn_ip_get_pkt &rArr; ether_recv_header &rArr; mn_arp_process_packet &rArr; mn_open_socket &rArr; mn_find_socket &rArr; memcmp
</UL>
<BR>[Calls]<UL><LI><a href="#[2b3e548]">&gt;&gt;</a>&nbsp;&nbsp;&nbsp;tcp_send_nodata_pkt
</UL>
<BR>[Called By]<UL><LI><a href="#[2adf908]">&gt;&gt;</a>&nbsp;&nbsp;&nbsp;mn_tcp_recv
</UL>

<P><STRONG><a name="[2b32088]"></a>find_udp_socket</STRONG> (Thumb, 58 bytes, Stack size 24 bytes, udp.o(.text))
<BR><BR>[Stack]<UL><LI>Max Depth = 68<LI>Call Chain = find_udp_socket &rArr; mn_find_socket &rArr; memcmp
</UL>
<BR>[Calls]<UL><LI><a href="#[d23cb8]">&gt;&gt;</a>&nbsp;&nbsp;&nbsp;mn_find_socket
</UL>
<BR>[Called By]<UL><LI><a href="#[2adf8c0]">&gt;&gt;</a>&nbsp;&nbsp;&nbsp;mn_udp_recv
</UL>

<P><STRONG><a name="[2acf058]"></a>set_vf_entry</STRONG> (Thumb, 146 bytes, Stack size 40 bytes, vfile.o(.text))
<BR><BR>[Stack]<UL><LI>Max Depth = 56<LI>Call Chain = set_vf_entry &rArr; mn_stricmp_cb
</UL>
<BR>[Calls]<UL><LI><a href="#[2861bd8]">&gt;&gt;</a>&nbsp;&nbsp;&nbsp;mn_stricmp_cb
<LI><a href="#[2e1bd78]">&gt;&gt;</a>&nbsp;&nbsp;&nbsp;strcpy
</UL>
<BR>[Called By]<UL><LI><a href="#[289a2e8]">&gt;&gt;</a>&nbsp;&nbsp;&nbsp;mn_vf_set_entry
<LI><a href="#[2acda68]">&gt;&gt;</a>&nbsp;&nbsp;&nbsp;mn_vf_set_ram_entry
</UL>

<P><STRONG><a name="[2c5fe90]"></a>ucCheckCommunity</STRONG> (Thumb, 164 bytes, Stack size 24 bytes, snmp.o(.text))
<BR><BR>[Stack]<UL><LI>Max Depth = 32<LI>Call Chain = ucCheckCommunity &rArr; strlen
</UL>
<BR>[Calls]<UL><LI><a href="#[2c5e5d0]">&gt;&gt;</a>&nbsp;&nbsp;&nbsp;getLengthSnmpIn
<LI><a href="#[2e1b9f8]">&gt;&gt;</a>&nbsp;&nbsp;&nbsp;strlen
</UL>
<BR>[Called By]<UL><LI><a href="#[2adf950]">&gt;&gt;</a>&nbsp;&nbsp;&nbsp;mn_SNMP
</UL>

<P><STRONG><a name="[2c5fe48]"></a>ucCheckVersion</STRONG> (Thumb, 60 bytes, Stack size 0 bytes, snmp.o(.text))
<BR><BR>[Called By]<UL><LI><a href="#[2adf950]">&gt;&gt;</a>&nbsp;&nbsp;&nbsp;mn_SNMP
</UL>

<P><STRONG><a name="[2c5ca58]"></a>getErrorV1</STRONG> (Thumb, 210 bytes, Stack size 40 bytes, snmpresponse.o(.text))
<BR><BR>[Stack]<UL><LI>Max Depth = 40<LI>Call Chain = getErrorV1
</UL>
<BR>[Calls]<UL><LI><a href="#[2c5b348]">&gt;&gt;</a>&nbsp;&nbsp;&nbsp;incOut
<LI><a href="#[2c5e5d0]">&gt;&gt;</a>&nbsp;&nbsp;&nbsp;getLengthSnmpIn
</UL>
<BR>[Called By]<UL><LI><a href="#[2c5e540]">&gt;&gt;</a>&nbsp;&nbsp;&nbsp;ucGetResponse
</UL>

<P><STRONG><a name="[2c56850]"></a>generateTrap</STRONG> (Thumb, 518 bytes, Stack size 104 bytes, snmptrap.o(.text))
<BR><BR>[Stack]<UL><LI>Max Depth = 184 + Unknown Stack Size
<LI>Call Chain = generateTrap &rArr; ucMoveOidVariableToOutput &rArr; ucFindOID &rArr; getLengthVBTable
</UL>
<BR>[Calls]<UL><LI><a href="#[d241c8]">&gt;&gt;</a>&nbsp;&nbsp;&nbsp;K_OS_Enable_Interrupts (via Veneer)
<LI><a href="#[d24210]">&gt;&gt;</a>&nbsp;&nbsp;&nbsp;K_OS_Disable_Interrupts (via Veneer)
<LI><a href="#[2c567c0]">&gt;&gt;</a>&nbsp;&nbsp;&nbsp;setEnterprise
<LI><a href="#[2c56808]">&gt;&gt;</a>&nbsp;&nbsp;&nbsp;SNMPsetIP
<LI><a href="#[2c5b2b8]">&gt;&gt;</a>&nbsp;&nbsp;&nbsp;ucMoveOidVariableToOutput
<LI><a href="#[2c5e588]">&gt;&gt;</a>&nbsp;&nbsp;&nbsp;setOutSeqLen
</UL>
<BR>[Called By]<UL><LI><a href="#[28abb58]">&gt;&gt;</a>&nbsp;&nbsp;&nbsp;mn_snmp_trap
</UL>

<P><STRONG><a name="[2c56808]"></a>SNMPsetIP</STRONG> (Thumb, 56 bytes, Stack size 8 bytes, snmptrap.o(.text))
<BR><BR>[Stack]<UL><LI>Max Depth = 8<LI>Call Chain = SNMPsetIP
</UL>
<BR>[Called By]<UL><LI><a href="#[2c56850]">&gt;&gt;</a>&nbsp;&nbsp;&nbsp;generateTrap
</UL>

<P><STRONG><a name="[2c567c0]"></a>setEnterprise</STRONG> (Thumb, 68 bytes, Stack size 24 bytes, snmptrap.o(.text))
<BR><BR>[Stack]<UL><LI>Max Depth = 24<LI>Call Chain = setEnterprise
</UL>
<BR>[Calls]<UL><LI><a href="#[2d853b8]">&gt;&gt;</a>&nbsp;&nbsp;&nbsp;getVBTableByte
</UL>
<BR>[Called By]<UL><LI><a href="#[2c56850]">&gt;&gt;</a>&nbsp;&nbsp;&nbsp;generateTrap
</UL>

<P><STRONG><a name="[2c53728]"></a>ucFindOID</STRONG> (Thumb, 260 bytes, Stack size 40 bytes, snmputil.o(.text))
<BR><BR>[Stack]<UL><LI>Max Depth = 48<LI>Call Chain = ucFindOID &rArr; getLengthVBTable
</UL>
<BR>[Calls]<UL><LI><a href="#[2c551d0]">&gt;&gt;</a>&nbsp;&nbsp;&nbsp;getLengthVBTable
<LI><a href="#[2d853b8]">&gt;&gt;</a>&nbsp;&nbsp;&nbsp;getVBTableByte
</UL>
<BR>[Called By]<UL><LI><a href="#[2c5b2b8]">&gt;&gt;</a>&nbsp;&nbsp;&nbsp;ucMoveOidVariableToOutput
<LI><a href="#[2c5b300]">&gt;&gt;</a>&nbsp;&nbsp;&nbsp;ucCheckSetVariables
<LI><a href="#[2c5b390]">&gt;&gt;</a>&nbsp;&nbsp;&nbsp;SetVariables
</UL>

<P><STRONG><a name="[2e1b1a8]"></a>__arm_div8</STRONG> (ARM, 0 bytes, Stack size unknown bytes, aeabi_sdiv.o(.text))
<BR><BR>[Called By]<UL><LI><a href="#[2e1aff8]">&gt;&gt;</a>&nbsp;&nbsp;&nbsp;__aeabi_uidivmod
</UL>

<P><STRONG><a name="[2e1b160]"></a>__arm_div4</STRONG> (ARM, 0 bytes, Stack size unknown bytes, aeabi_sdiv.o(.text))
<BR><BR>[Called By]<UL><LI><a href="#[2e1aff8]">&gt;&gt;</a>&nbsp;&nbsp;&nbsp;__aeabi_uidivmod
</UL>

<P><STRONG><a name="[2e1b118]"></a>__arm_div_large</STRONG> (ARM, 0 bytes, Stack size unknown bytes, aeabi_sdiv.o(.text))
<BR><BR>[Called By]<UL><LI><a href="#[2e1aff8]">&gt;&gt;</a>&nbsp;&nbsp;&nbsp;__aeabi_uidivmod
</UL>

<P><STRONG><a name="[2e174a0]"></a>_scanf_char_input</STRONG> (Thumb, 12 bytes, Stack size 0 bytes, scanf_char.o(.text))
<BR>[Address Reference Count : 1]<UL><LI> scanf_char.o(.text)
</UL><P>
<H3>
Undefined Global Symbols
</H3>
<P><STRONG><a name="[2e156e0]"></a>__ARM_exceptions_init</STRONG> (Unknown, 0 bytes, Stack size 0 bytes, UNDEFINED)
<BR><BR>[Called By]<UL><LI><a href="#[2e157b8]">&gt;&gt;</a>&nbsp;&nbsp;&nbsp;__rt_lib_init (Weak Reference)
</UL>

<P><STRONG><a name="[2e15698]"></a>__Heap_DescSize</STRONG> (Unknown, 0 bytes, Stack size 0 bytes, UNDEFINED)
<BR><BR>[Called By]<UL><LI><a href="#[2e157b8]">&gt;&gt;</a>&nbsp;&nbsp;&nbsp;__rt_lib_init (Weak Reference)
</UL>

<P><STRONG><a name="[2e15650]"></a>__alloca_initialize</STRONG> (Unknown, 0 bytes, Stack size 0 bytes, UNDEFINED)
<BR><BR>[Called By]<UL><LI><a href="#[2e157b8]">&gt;&gt;</a>&nbsp;&nbsp;&nbsp;__rt_lib_init (Weak Reference)
</UL>

<P><STRONG><a name="[2e15608]"></a>__cpp_initialize__aeabi_</STRONG> (Unknown, 0 bytes, Stack size 0 bytes, UNDEFINED)
<BR><BR>[Called By]<UL><LI><a href="#[2e157b8]">&gt;&gt;</a>&nbsp;&nbsp;&nbsp;__rt_lib_init (Weak Reference)
</UL>

<P><STRONG><a name="[2e155c0]"></a>__cxa_finalize</STRONG> (Unknown, 0 bytes, Stack size 0 bytes, UNDEFINED)
<BR><BR>[Called By]<UL><LI><a href="#[2e15770]">&gt;&gt;</a>&nbsp;&nbsp;&nbsp;__rt_lib_shutdown (Weak Reference)
</UL>

<P><STRONG><a name="[2e1a228]"></a>__user_heap_extend</STRONG> (Unknown, 0 bytes, Stack size 0 bytes, UNDEFINED, UNUSED)
<BR><BR>[Called By]<UL><LI><a href="#[2e1a300]">&gt;&gt;</a>&nbsp;&nbsp;&nbsp;__rt_heap_extend (Weak Reference)
</UL>

<P><STRONG><a name="[2e15578]"></a>_atexit_init</STRONG> (Unknown, 0 bytes, Stack size 0 bytes, UNDEFINED)
<BR><BR>[Called By]<UL><LI><a href="#[2e157b8]">&gt;&gt;</a>&nbsp;&nbsp;&nbsp;__rt_lib_init (Weak Reference)
</UL>

<P><STRONG><a name="[2e15e88]"></a>_call_atexit_fns</STRONG> (Unknown, 0 bytes, Stack size 0 bytes, UNDEFINED)
<BR><BR>[Called By]<UL><LI><a href="#[2e15f18]">&gt;&gt;</a>&nbsp;&nbsp;&nbsp;exit (Weak Reference)
</UL>

<P><STRONG><a name="[2e15530]"></a>_clock_init</STRONG> (Unknown, 0 bytes, Stack size 0 bytes, UNDEFINED)
<BR><BR>[Called By]<UL><LI><a href="#[2e157b8]">&gt;&gt;</a>&nbsp;&nbsp;&nbsp;__rt_lib_init (Weak Reference)
</UL>

<P><STRONG><a name="[2e154e8]"></a>_fp_trap_init</STRONG> (Unknown, 0 bytes, Stack size 0 bytes, UNDEFINED)
<BR><BR>[Called By]<UL><LI><a href="#[2e157b8]">&gt;&gt;</a>&nbsp;&nbsp;&nbsp;__rt_lib_init (Weak Reference)
</UL>

<P><STRONG><a name="[2e154a0]"></a>_get_lc_collate</STRONG> (Unknown, 0 bytes, Stack size 0 bytes, UNDEFINED)
<BR><BR>[Called By]<UL><LI><a href="#[2e157b8]">&gt;&gt;</a>&nbsp;&nbsp;&nbsp;__rt_lib_init (Weak Reference)
</UL>

<P><STRONG><a name="[2e15458]"></a>_get_lc_monetary</STRONG> (Unknown, 0 bytes, Stack size 0 bytes, UNDEFINED)
<BR><BR>[Called By]<UL><LI><a href="#[2e157b8]">&gt;&gt;</a>&nbsp;&nbsp;&nbsp;__rt_lib_init (Weak Reference)
</UL>

<P><STRONG><a name="[2e15410]"></a>_get_lc_numeric</STRONG> (Unknown, 0 bytes, Stack size 0 bytes, UNDEFINED)
<BR><BR>[Called By]<UL><LI><a href="#[2e157b8]">&gt;&gt;</a>&nbsp;&nbsp;&nbsp;__rt_lib_init (Weak Reference)
</UL>

<P><STRONG><a name="[2e153c8]"></a>_get_lc_time</STRONG> (Unknown, 0 bytes, Stack size 0 bytes, UNDEFINED)
<BR><BR>[Called By]<UL><LI><a href="#[2e157b8]">&gt;&gt;</a>&nbsp;&nbsp;&nbsp;__rt_lib_init (Weak Reference)
</UL>

<P><STRONG><a name="[2e15380]"></a>_getenv_init</STRONG> (Unknown, 0 bytes, Stack size 0 bytes, UNDEFINED)
<BR><BR>[Called By]<UL><LI><a href="#[2e157b8]">&gt;&gt;</a>&nbsp;&nbsp;&nbsp;__rt_lib_init (Weak Reference)
</UL>

<P><STRONG><a name="[2e15338]"></a>_init_alloc</STRONG> (Unknown, 0 bytes, Stack size 0 bytes, UNDEFINED)
<BR><BR>[Called By]<UL><LI><a href="#[2e157b8]">&gt;&gt;</a>&nbsp;&nbsp;&nbsp;__rt_lib_init (Weak Reference)
</UL>

<P><STRONG><a name="[2e152f0]"></a>_init_user_alloc</STRONG> (Unknown, 0 bytes, Stack size 0 bytes, UNDEFINED)
<BR><BR>[Called By]<UL><LI><a href="#[2e157b8]">&gt;&gt;</a>&nbsp;&nbsp;&nbsp;__rt_lib_init (Weak Reference)
</UL>

<P><STRONG><a name="[2e152a8]"></a>_initio</STRONG> (Unknown, 0 bytes, Stack size 0 bytes, UNDEFINED)
<BR><BR>[Called By]<UL><LI><a href="#[2e157b8]">&gt;&gt;</a>&nbsp;&nbsp;&nbsp;__rt_lib_init (Weak Reference)
</UL>

<P><STRONG><a name="[2e1e590]"></a>_printf_charcount</STRONG> (Unknown, 0 bytes, Stack size 0 bytes, UNDEFINED, UNUSED)
<BR><BR>[Called By]<UL><LI><a href="#[2e1e6f8]">&gt;&gt;</a>&nbsp;&nbsp;&nbsp;__printf (Weak Reference)
</UL>

<P><STRONG><a name="[2e1e548]"></a>_printf_fp_dec</STRONG> (Unknown, 0 bytes, Stack size 0 bytes, UNDEFINED, UNUSED)
<BR><BR>[Called By]<UL><LI><a href="#[2e1e6f8]">&gt;&gt;</a>&nbsp;&nbsp;&nbsp;__printf (Weak Reference)
</UL>

<P><STRONG><a name="[2e1e500]"></a>_printf_fp_hex</STRONG> (Unknown, 0 bytes, Stack size 0 bytes, UNDEFINED, UNUSED)
<BR><BR>[Called By]<UL><LI><a href="#[2e1e6f8]">&gt;&gt;</a>&nbsp;&nbsp;&nbsp;__printf (Weak Reference)
</UL>

<P><STRONG><a name="[2e1e4b8]"></a>_printf_longlong_dec</STRONG> (Unknown, 0 bytes, Stack size 0 bytes, UNDEFINED, UNUSED)
<BR><BR>[Called By]<UL><LI><a href="#[2e1e6f8]">&gt;&gt;</a>&nbsp;&nbsp;&nbsp;__printf (Weak Reference)
</UL>

<P><STRONG><a name="[2e1e470]"></a>_printf_longlong_oct</STRONG> (Unknown, 0 bytes, Stack size 0 bytes, UNDEFINED, UNUSED)
<BR><BR>[Called By]<UL><LI><a href="#[2e1e6f8]">&gt;&gt;</a>&nbsp;&nbsp;&nbsp;__printf (Weak Reference)
</UL>

<P><STRONG><a name="[2e1e428]"></a>_printf_mbtowc</STRONG> (Unknown, 0 bytes, Stack size 0 bytes, UNDEFINED, UNUSED)
<BR><BR>[Called By]<UL><LI><a href="#[2e1e6f8]">&gt;&gt;</a>&nbsp;&nbsp;&nbsp;__printf (Weak Reference)
</UL>

<P><STRONG><a name="[2e1da50]"></a>_printf_truncate_signed</STRONG> (Unknown, 0 bytes, Stack size 0 bytes, UNDEFINED, UNUSED)
<BR><BR>[Called By]<UL><LI><a href="#[2e1dae0]">&gt;&gt;</a>&nbsp;&nbsp;&nbsp;_printf_int_dec (Weak Reference)
</UL>

<P><STRONG><a name="[2e1dc60]"></a>_printf_truncate_unsigned</STRONG> (Unknown, 0 bytes, Stack size 0 bytes, UNDEFINED, UNUSED)
<BR><BR>[Called By]<UL><LI><a href="#[2e1dae0]">&gt;&gt;</a>&nbsp;&nbsp;&nbsp;_printf_int_dec (Weak Reference)
<LI><a href="#[2e1dcf0]">&gt;&gt;</a>&nbsp;&nbsp;&nbsp;_printf_longlong_hex (Weak Reference)
</UL>

<P><STRONG><a name="[2e1e3e0]"></a>_printf_wc</STRONG> (Unknown, 0 bytes, Stack size 0 bytes, UNDEFINED, UNUSED)
<BR><BR>[Called By]<UL><LI><a href="#[2e1e6f8]">&gt;&gt;</a>&nbsp;&nbsp;&nbsp;__printf (Weak Reference)
</UL>

<P><STRONG><a name="[2e1e398]"></a>_printf_wctomb</STRONG> (Unknown, 0 bytes, Stack size 0 bytes, UNDEFINED, UNUSED)
<BR><BR>[Called By]<UL><LI><a href="#[2e1e6f8]">&gt;&gt;</a>&nbsp;&nbsp;&nbsp;__printf (Weak Reference)
</UL>

<P><STRONG><a name="[2e15260]"></a>_rand_init</STRONG> (Unknown, 0 bytes, Stack size 0 bytes, UNDEFINED)
<BR><BR>[Called By]<UL><LI><a href="#[2e157b8]">&gt;&gt;</a>&nbsp;&nbsp;&nbsp;__rt_lib_init (Weak Reference)
</UL>

<P><STRONG><a name="[2e16380]"></a>_scanf_longlong</STRONG> (Unknown, 0 bytes, Stack size 0 bytes, UNDEFINED)
<BR><BR>[Called By]<UL><LI><a href="#[2e163c8]">&gt;&gt;</a>&nbsp;&nbsp;&nbsp;__vfscanf (Weak Reference)
</UL>

<P><STRONG><a name="[2e16338]"></a>_scanf_mbtowc</STRONG> (Unknown, 0 bytes, Stack size 0 bytes, UNDEFINED)
<BR><BR>[Called By]<UL><LI><a href="#[2e163c8]">&gt;&gt;</a>&nbsp;&nbsp;&nbsp;__vfscanf (Weak Reference)
</UL>

<P><STRONG><a name="[2e162f0]"></a>_scanf_real</STRONG> (Unknown, 0 bytes, Stack size 0 bytes, UNDEFINED)
<BR><BR>[Called By]<UL><LI><a href="#[2e163c8]">&gt;&gt;</a>&nbsp;&nbsp;&nbsp;__vfscanf (Weak Reference)
</UL>

<P><STRONG><a name="[2e162a8]"></a>_scanf_string</STRONG> (Unknown, 0 bytes, Stack size 0 bytes, UNDEFINED)
<BR><BR>[Called By]<UL><LI><a href="#[2e163c8]">&gt;&gt;</a>&nbsp;&nbsp;&nbsp;__vfscanf (Weak Reference)
</UL>

<P><STRONG><a name="[2e16260]"></a>_scanf_wctomb</STRONG> (Unknown, 0 bytes, Stack size 0 bytes, UNDEFINED)
<BR><BR>[Called By]<UL><LI><a href="#[2e163c8]">&gt;&gt;</a>&nbsp;&nbsp;&nbsp;__vfscanf (Weak Reference)
</UL>

<P><STRONG><a name="[2e16218]"></a>_scanf_wstring</STRONG> (Unknown, 0 bytes, Stack size 0 bytes, UNDEFINED)
<BR><BR>[Called By]<UL><LI><a href="#[2e163c8]">&gt;&gt;</a>&nbsp;&nbsp;&nbsp;__vfscanf (Weak Reference)
</UL>

<P><STRONG><a name="[2e15218]"></a>_signal_init</STRONG> (Unknown, 0 bytes, Stack size 0 bytes, UNDEFINED)
<BR><BR>[Called By]<UL><LI><a href="#[2e157b8]">&gt;&gt;</a>&nbsp;&nbsp;&nbsp;__rt_lib_init (Weak Reference)
</UL>

<P><STRONG><a name="[2e151d0]"></a>_terminate_user_alloc</STRONG> (Unknown, 0 bytes, Stack size 0 bytes, UNDEFINED)
<BR><BR>[Called By]<UL><LI><a href="#[2e15770]">&gt;&gt;</a>&nbsp;&nbsp;&nbsp;__rt_lib_shutdown (Weak Reference)
</UL>

<P><STRONG><a name="[2e15188]"></a>_terminateio</STRONG> (Unknown, 0 bytes, Stack size 0 bytes, UNDEFINED)
<BR><BR>[Called By]<UL><LI><a href="#[2e15770]">&gt;&gt;</a>&nbsp;&nbsp;&nbsp;__rt_lib_shutdown (Weak Reference)
</UL>
<HR></body></html>
