<html>
<body>
<pre>
<h1>µVision3 Build Log</h1>
<h2>Project:</h2>
C:\Users\ajay\Documents\newport\projects\EIT\workspace\EIT\App_Code\app\src\EIT.uv2
Project File Date:  12/03/2008

<h2>Output:</h2>
Load "C:\\Users\\ajay\\Documents\\newport\\projects\\EIT\\workspace\\EIT\\App_Code\\app\\src\\Objects\\EIT.AXF" 
Programming Done.
Verify OK.
Build target 'EIT'
compiling uart.c...
linking...
Program Size: Code=93596 RO-data=111548 RW-data=516 ZI-data=36468  
FromELF: creating hex file...
User command #1: BM-Convert.bat
C:\Users\ajay\Documents\newport\projects\EIT\workspace\EIT\App_Code\app\src>objcopy --input-target=ihex --output-target=binary Objects\EIT.hex Objects\EIT.bin 
C:\Users\ajay\Documents\newport\projects\EIT\workspace\EIT\App_Code\app\src>uTaskerConvert.exe Objects\EIT.bin Upload\EIT_upload.bin -0x22ba -b267a8200926 
".\Objects\EIT.axf" - 0 Error(s), 0 Warning(s).
Full Chip Erase Done.
Load "C:\\Users\\ajay\\Documents\\newport\\projects\\EIT\\workspace\\EIT\\App_Code\\app\\src\\Objects\\EIT.AXF" 
Programming Done.
Verify OK.
compiling post_index.c...
..\..\post\src\post_index.c(11): error:  #20: identifier "false" is undefined
..\..\post\src\post_index.c(19): error:  #20: identifier "true" is undefined
..\..\post\src\post_index.c(30): error:  #20: identifier "nptr" is undefined
..\..\post\src\post_index.c - 3 Error(s), 0 Warning(s).
compiling post_index.c...
..\..\post\src\post_index.c(30): error:  #20: identifier "nptr" is undefined
..\..\post\src\post_index.c - 1 Error(s), 0 Warning(s).
compiling post_index.c...
..\..\post\src\post_index.c(10): warning: C3017W: nPtr may be used before being set
..\..\post\src\post_index.c - 0 Error(s), 1 Warning(s).
compiling post_index.c...
..\..\post\src\post_index.c - 0 Error(s), 0 Warning(s).
Build target 'EIT'
compiling Callback.c...
compiling main.c...
main.c(85): warning:  #111-D: statement is unreachable
compiling serial_cfg.c...
compiling webpages.c...
compiling alarm.c...
compiling email.c...
compiling modbus.c...
compiling data_conf_mode.c...
compiling port_2002_handler.c...
compiling tcp_local_bridge.c...
compiling app_flash.c...
compiling Http.c...
compiling IP.c...
compiling LPC23xx_ETH.c...
compiling Mn_port.c...
compiling MNSERVER.c...
..\..\netlib\src\MNSERVER.c(283): warning:  #111-D: statement is unreachable
compiling Socket.c...
compiling Tcp.c...
compiling post_index.c...
compiling post_network.c...
compiling post_serial.c...
compiling post_management.c...
compiling post_security.c...
compiling post_device_setup.c...
compiling post_system.c...
compiling post_gpio.c...
compiling post_device_query.c...
compiling post_read_device.c...
compiling post_diagnostics.c...
compiling post_alarm1.c...
compiling post_alarm2.c...
compiling post_alarm3.c...
compiling post_alarm4.c...
compiling post_alarm5.c...
compiling post_admin.c...
compiling post_security_admin.c...
compiling post_system_admin.c...
compiling post_login.c...
compiling flash.c...
compiling uart.c...
compiling ssi_overview.c...
compiling ssi_network.c...
compiling ssi_serial.c...
compiling ssi_management.c...
compiling ssi_security.c...
compiling ssi_device_setup.c...
compiling ssi_gpio.c...
compiling ssi_device_query.c...
compiling ssi_read_device.c...
..\..\ssi\src\ssi_read_device.c(144): warning:  #177-D: variable "c" was declared but never referenced
..\..\ssi\src\ssi_read_device.c(148): warning:  #177-D: variable "cr_ptr" was declared but never referenced
..\..\ssi\src\ssi_read_device.c(149): warning:  #177-D: variable "temp_resp" was declared but never referenced
compiling ssi_diagnostics.c...
..\..\ssi\src\ssi_diagnostics.c(30): warning: C3017W: n may be used before being set
compiling ssi_alarm1.c...
compiling ssi_alarm2.c...
compiling ssi_alarm3.c...
compiling ssi_alarm4.c...
compiling ssi_alarm5.c...
compiling ssi_bridge.c...
compiling ssi_multihost.c...
compiling ssi_packing.c...
compiling HardwareDependent.c...
compiling rs232_full_snn.c...
compiling rs232_gpio_snn.c...
compiling rs485_snn.c...
linking...
Program Size: Code=93668 RO-data=111548 RW-data=516 ZI-data=36468  
FromELF: creating hex file...
User command #1: BM-Convert.bat
C:\Users\ajay\Documents\newport\projects\EIT\workspace\EIT\App_Code\app\src>objcopy --input-target=ihex --output-target=binary Objects\EIT.hex Objects\EIT.bin 
C:\Users\ajay\Documents\newport\projects\EIT\workspace\EIT\App_Code\app\src>uTaskerConvert.exe Objects\EIT.bin Upload\EIT_upload.bin -0x22ba -b267a8200926 
".\Objects\EIT.axf" - 0 Error(s), 6 Warning(s).
Full Chip Erase Done.
Load "C:\\Users\\ajay\\Documents\\newport\\projects\\EIT\\workspace\\EIT\\App_Code\\app\\src\\Objects\\EIT.AXF" 
Programming Done.
Verify OK.
Load "C:\\Users\\ajay\\Documents\\newport\\projects\\EIT\\workspace\\EIT\\App_Code\\app\\src\\Objects\\EIT.AXF" 
Programming Done.
Verify OK.
Load "C:\\Users\\ajay\\Documents\\newport\\projects\\EIT\\workspace\\EIT\\App_Code\\app\\src\\Objects\\EIT.AXF" 
Programming Done.
Verify OK.
Build target 'EIT'
compiling Callback.c...
compiling main.c...
main.c(85): warning:  #111-D: statement is unreachable
compiling serial_cfg.c...
compiling webpages.c...
compiling alarm.c...
compiling post_index.c...
linking...
Program Size: Code=93668 RO-data=111548 RW-data=516 ZI-data=36468  
FromELF: creating hex file...
User command #1: BM-Convert.bat
C:\Users\ajay\Documents\newport\projects\EIT\workspace\EIT\App_Code\app\src>objcopy --input-target=ihex --output-target=binary Objects\EIT.hex Objects\EIT.bin 
C:\Users\ajay\Documents\newport\projects\EIT\workspace\EIT\App_Code\app\src>uTaskerConvert.exe Objects\EIT.bin Upload\EIT_upload.bin -0x22ba -b267a8200926 
".\Objects\EIT.axf" - 0 Error(s), 1 Warning(s).
Full Chip Erase Done.
Load "C:\\Users\\ajay\\Documents\\newport\\projects\\EIT\\workspace\\EIT\\App_Code\\app\\src\\Objects\\EIT.AXF" 
Programming Done.
Verify OK.
Build target 'EIT'
compiling post_index.c...
linking...
Program Size: Code=93680 RO-data=111548 RW-data=516 ZI-data=36468  
FromELF: creating hex file...
User command #1: BM-Convert.bat
C:\Users\ajay\Documents\newport\projects\EIT\workspace\EIT\App_Code\app\src>objcopy --input-target=ihex --output-target=binary Objects\EIT.hex Objects\EIT.bin 
C:\Users\ajay\Documents\newport\projects\EIT\workspace\EIT\App_Code\app\src>uTaskerConvert.exe Objects\EIT.bin Upload\EIT_upload.bin -0x22ba -b267a8200926 
".\Objects\EIT.axf" - 0 Error(s), 0 Warning(s).
Full Chip Erase Done.
Load "C:\\Users\\ajay\\Documents\\newport\\projects\\EIT\\workspace\\EIT\\App_Code\\app\\src\\Objects\\EIT.AXF" 
Programming Done.
Verify OK.
Build target 'EIT'
compiling Callback.c...
compiling main.c...
main.c(85): warning:  #111-D: statement is unreachable
Project build/rebuild aborted.
Target not created
Build target 'EIT'
compiling serial_cfg.c...
compiling webpages.c...
compiling alarm.c...
compiling email.c...
compiling modbus.c...
Project build/rebuild aborted.
Target not created
