sudo interceptty /dev/ttyUSB1 /dev/ttyv0
< 0x0d ([CR])
>       0x0d ([CR])
>       0x0d ([CR])
>       0x0a ([LF])
>       0x46 (F)
>       0x57 (W)
>       0x20 ( )
>       0x54 (T)
>       0x58 (X)
>       0x31 (1)
>       0x3a (:)
>       0x32 (2)
>       0x20 ( )
>       0x76 (v)
>       0x31 (1)
>       0x2e (.)
>       0x30 (0)
>       0x38 (8)
>       0x2c (,)
>       0x20 ( )
>       0x4d (M)
>       0x61 (a)
>       0x72 (r)
>       0x20 ( )
>       0x20 ( )
>       0x34 (4)
>       0x20 ( )
>       0x32 (2)
>       0x30 (0)
>       0x32 (2)
>       0x36 (6)
>       0x20 ( )
>       0x31 (1)
>       0x35 (5)
>       0x3a (:)
>       0x35 (5)
>       0x35 (5)
>       0x3a (:)
>       0x33 (3)
>       0x35 (5)
>       0x0d ([CR])
>       0x0a ([LF])
>       0x0d ([CR])
>       0x69 (i)
>       0x42 (B)
>       0x55 (U)
>       0x43 (C)
>       0x20 ( )
>       0x6c (l)
>       0x6f (o)
>       0x67 (g)
>       0x69 (i)
>       0x6e (n)
>       0x3a (:)
>       0x20 ( )
< 0x61 (a)
>       0x61 (a)
< 0x64 (d)
>       0x64 (d)
< 0x6d (m)
>       0x6d (m)
< 0x69 (i)
>       0x69 (i)
< 0x6e (n)
>       0x6e (n)
< 0x0d ([CR])
>       0x0d ([CR])
>       0x0a ([LF])
>       0x50 (P)
>       0x61 (a)
>       0x73 (s)
>       0x73 (s)
>       0x77 (w)
>       0x6f (o)
>       0x72 (r)
>       0x64 (d)
>       0x3a (:)
>       0x20 ( )
< 0x61 (a)
< 0x64 (d)
< 0x6d (m)
< 0x69 (i)
< 0x6e (n)
< 0x0d ([CR])
>       0x0d ([CR])
>       0x0a ([LF])
>       0x2a (*)
>       0x20 ( )
>       0x69 (i)
>       0x42 (B)
>       0x55 (U)
>       0x43 (C)
>       0x20 ( )
>       0x2d (-)
>       0x20 ( )
>       0x43 (C)
>       0x6f (o)
>       0x6e (n)
>       0x66 (f)
>       0x69 (i)
>       0x67 (g)
>       0x75 (u)
>       0x72 (r)
>       0x61 (a)
>       0x74 (t)
>       0x69 (i)
>       0x6f (o)
>       0x6e (n)
>       0x20 ( )
>       0x55 (U)
>       0x74 (t)
>       0x69 (i)
>       0x6c (l)
>       0x69 (i)
>       0x74 (t)
>       0x79 (y)
>       0x20 ( )
>       0x2a (*)
>       0x0d ([CR])
>       0x0a ([LF])
>       0x49 (I)
>       0x42 (B)
>       0x55 (U)
>       0x43 (C)
>       0x3e (>)
< 0x63 (c)
>       0x63 (c)
< 0x69 (i)
>       0x69 (i)
< 0x61 (a)
>       0x61 (a)
< 0x0d ([CR])
>       0x0d ([CR])
>       0x0a ([LF])
>       0x42 (B)
>       0x61 (a)
>       0x64 (d)
>       0x6c (l)
>       0x79 (y)
>       0x20 ( )
>       0x66 (f)
>       0x6f (o)
>       0x72 (r)
>       0x6d (m)
>       0x61 (a)
>       0x74 (t)
>       0x74 (t)
>       0x65 (e)
>       0x64 (d)
>       0x20 ( )
>       0x63 (c)
>       0x6f (o)
>       0x6d (m)
>       0x6d (m)
>       0x61 (a)
>       0x6e (n)
>       0x64 (d)
>       0x0d ([CR])
>       0x0a ([LF])
>       0x49 (I)
>       0x42 (B)
>       0x55 (U)
>       0x43 (C)
>       0x3e (>)
< 0x63 (c)
>       0x63 (c)
< 0x69 (i)
>       0x69 (i)
< 0x61 (a)
>       0x61 (a)
< 0x3d (=)
>       0x3d (=)
< 0x43 (C)
>       0x43 (C)
< 0x0d ([CR])
>       0x0d ([CR])
>       0x0a ([LF])
>       0x43 (C)
>       0x49 (I)
>       0x41 (A)
>       0x3d (=)
>       0x31 (1)
>       0x30 (0)
>       0x2e (.)
>       0x31 (1)
>       0x30 (0)
>       0x2e (.)
>       0x31 (1)
>       0x32 (2)
>       0x2e (.)
>       0x34 (4)
>       0x32 (2)
>       0x0d ([CR])
>       0x0a ([LF])
>       0x49 (I)
>       0x42 (B)
>       0x55 (U)
>       0x43 (C)
>       0x3e (>)
< 0x63 (c)
>       0x63 (c)
< 0x69 (i)
>       0x69 (i)
< 0x6d (m)
>       0x6d (m)
< 0x3d (=)
>       0x3d (=)
< 0x43 (C)
>       0x43 (C)
< 0x0d ([CR])
>       0x0d ([CR])
>       0x0a ([LF])
>       0x43 (C)
>       0x49 (I)
>       0x4d (M)
>       0x3d (=)
>       0x32 (2)
>       0x35 (5)
>       0x35 (5)
>       0x2e (.)
>       0x32 (2)
>       0x35 (5)
>       0x35 (5)
>       0x2e (.)
>       0x30 (0)
>       0x2e (.)
>       0x30 (0)
>       0x0d ([CR])
>       0x0a ([LF])
>       0x49 (I)
>       0x42 (B)
>       0x55 (U)
>       0x43 (C)
>       0x3e (>)
< 0x63 (c)
>       0x63 (c)
< 0x69 (i)
>       0x69 (i)
< 0x67 (g)
>       0x67 (g)
< 0x3d (=)
>       0x3d (=)
< 0x43 (C)
>       0x43 (C)
< 0x0d ([CR])
>       0x0d ([CR])
>       0x0a ([LF])
>       0x43 (C)
>       0x49 (I)
>       0x47 (G)
>       0x3d (=)
>       0x31 (1)
>       0x30 (0)
>       0x2e (.)
>       0x31 (1)
>       0x30 (0)
>       0x2e (.)
>       0x31 (1)
>       0x30 (0)
>       0x2e (.)
>       0x31 (1)
>       0x0d ([CR])
>       0x0a ([LF])
>       0x49 (I)
>       0x42 (B)
>       0x55 (U)
>       0x43 (C)
>       0x3e (>)
