< 0x0d ([CR])
>       0x52 (R)
>       0x58 (X)
>       0x31 (1)
>       0x2b (+)
>       0x31 (1)
>       0x3e (>)
< 0x63 (c)
< 0x70 (p)
< 0x65 (e)
< 0x3d (=)
< 0x31 (1)
< 0x32 (2)
< 0x33 (3)
< 0x34 (4)
< 0x0d ([CR])
>       0x52 (R)
>       0x58 (X)
>       0x31 (1)
>       0x2b (+)
>       0x31 (1)
>       0x3e (>)
< 0x63 (c)
< 0x69 (i)
< 0x61 (a)
< 0x0d ([CR])
>       0x43 (C)
>       0x49 (I)
>       0x41 (A)
>       0x3d (=)
>       0x31 (1)
>       0x30 (0)
>       0x2e (.)
>       0x31 (1)
>       0x30 (0)
>       0x2e (.)
>       0x31 (1)
>       0x32 (2)
>       0x2e (.)
>       0x34 (4)
>       0x34 (4)
>       0x0d ([CR])
>       0x0a ([LF])
>       0x52 (R)
>       0x58 (X)
>       0x31 (1)
>       0x2b (+)
>       0x31 (1)
>       0x3e (>)
< 0x63 (c)
< 0x69 (i)
< 0x61 (a)
< 0x3d (=)
< 0x31 (1)
< 0x30 (0)
< 0x2e (.)
< 0x31 (1)
< 0x30 (0)
< 0x2e (.)
< 0x31 (1)
< 0x32 (2)
< 0x2e (.)
< 0x34 (4)
< 0x31 (1)
< 0x0d ([CR])
>       0x43 (C)
>       0x49 (I)
>       0x41 (A)
>       0x3d (=)
>       0x31 (1)
>       0x30 (0)
>       0x2e (.)
>       0x31 (1)
>       0x30 (0)
>       0x2e (.)
>       0x31 (1)
>       0x32 (2)
>       0x2e (.)
>       0x34 (4)
>       0x31 (1)
>       0x0d ([CR])
>       0x0a ([LF])
>       0x52 (R)
>       0x58 (X)
>       0x31 (1)
>       0x2b (+)
>       0x31 (1)
>       0x3e (>)
< 0x63 (c)
< 0x69 (i)
< 0x67 (g)
< 0x3d (=)
< 0x31 (1)
< 0x30 (0)
< 0x2e (.)
< 0x31 (1)
< 0x30 (0)
< 0x2e (.)
< 0x31 (1)
< 0x30 (0)
< 0x2e (.)
< 0x31 (1)
< 0x0d ([CR])
>       0x43 (C)
>       0x49 (I)
>       0x47 (G)
>       0x3d (=)
>       0x31 (1)
>       0x30 (0)
>       0x2e (.)
>       0x31 (1)
>       0x30 (0)
>       0x2e (.)
>       0x31 (1)
>       0x30 (0)
>       0x2e (.)
>       0x31 (1)
>       0x0d ([CR])
>       0x0a ([LF])
>       0x52 (R)
>       0x58 (X)
>       0x31 (1)
>       0x2b (+)
>       0x31 (1)
>       0x3e (>)
< 0x63 (c)
< 0x69 (i)
< 0x6d (m)
< 0x3d (=)
< 0x32 (2)
< 0x35 (5)
< 0x35 (5)
< 0x2e (.)
< 0x32 (2)
< 0x35 (5)
< 0x35 (5)
< 0x2e (.)
< 0x30 (0)
< 0x2e (.)
< 0x30 (0)
< 0x0d ([CR])
>       0x43 (C)
>       0x49 (I)
>       0x4d (M)
>       0x3d (=)
>       0x32 (2)
>       0x35 (5)
>       0x35 (5)
>       0x2e (.)
>       0x32 (2)
>       0x35 (5)
>       0x35 (5)
>       0x2e (.)
>       0x30 (0)
>       0x2e (.)
>       0x30 (0)
>       0x0d ([CR])
>       0x0a ([LF])
>       0x52 (R)
>       0x58 (X)
>       0x31 (1)
>       0x2b (+)
>       0x31 (1)
>       0x3e (>)
